Component: Arm Compiler for Embedded 6.24 Tool: armlink [5f371500]

==============================================================================

Section Cross References

    startup_stm32l051xx.o(STACK) refers (Special) to heapauxi.o(.text) for __use_two_region_memory
    startup_stm32l051xx.o(HEAP) refers (Special) to heapauxi.o(.text) for __use_two_region_memory
    startup_stm32l051xx.o(RESET) refers (Special) to heapauxi.o(.text) for __use_two_region_memory
    startup_stm32l051xx.o(RESET) refers to startup_stm32l051xx.o(STACK) for __initial_sp
    startup_stm32l051xx.o(RESET) refers to startup_stm32l051xx.o(.text) for Reset_Handler
    startup_stm32l051xx.o(RESET) refers to stm32l0xx_it.o(.text.NMI_Handler) for NMI_Handler
    startup_stm32l051xx.o(RESET) refers to stm32l0xx_it.o(.text.HardFault_Handler) for HardFault_Handler
    startup_stm32l051xx.o(RESET) refers to stm32l0xx_it.o(.text.SVC_Handler) for SVC_Handler
    startup_stm32l051xx.o(RESET) refers to stm32l0xx_it.o(.text.PendSV_Handler) for PendSV_Handler
    startup_stm32l051xx.o(RESET) refers to stm32l0xx_it.o(.text.SysTick_Handler) for SysTick_Handler
    startup_stm32l051xx.o(RESET) refers to stm32l0xx_it.o(.text.EXTI0_1_IRQHandler) for EXTI0_1_IRQHandler
    startup_stm32l051xx.o(RESET) refers to stm32l0xx_it.o(.text.EXTI2_3_IRQHandler) for EXTI2_3_IRQHandler
    startup_stm32l051xx.o(RESET) refers to stm32l0xx_it.o(.text.EXTI4_15_IRQHandler) for EXTI4_15_IRQHandler
    startup_stm32l051xx.o(RESET) refers to stm32l0xx_it.o(.text.DMA1_Channel2_3_IRQHandler) for DMA1_Channel2_3_IRQHandler
    startup_stm32l051xx.o(RESET) refers to stm32l0xx_it.o(.text.TIM2_IRQHandler) for TIM2_IRQHandler
    startup_stm32l051xx.o(RESET) refers to stm32l0xx_it.o(.text.TIM6_IRQHandler) for TIM6_IRQHandler
    startup_stm32l051xx.o(RESET) refers to stm32l0xx_it.o(.text.USART1_IRQHandler) for USART1_IRQHandler
    startup_stm32l051xx.o(.text) refers (Special) to heapauxi.o(.text) for __use_two_region_memory
    startup_stm32l051xx.o(.text) refers to system_stm32l0xx.o(.text.SystemInit) for SystemInit
    startup_stm32l051xx.o(.text) refers to __main.o(!!!main) for __main
    startup_stm32l051xx.o(.text) refers to startup_stm32l051xx.o(HEAP) for Heap_Mem
    startup_stm32l051xx.o(.text) refers to startup_stm32l051xx.o(STACK) for Stack_Mem
    oled.o(.text.OLED_Init) refers to stm32l0xx_hal.o(.text.HAL_Delay) for HAL_Delay
    oled.o(.text.OLED_Init) refers to oled.o(.text.OLED_WR_CMD) for OLED_WR_CMD
    oled.o(.text.OLED_Init) refers to oled.o(.data.CMD_Data) for CMD_Data
    oled.o(.ARM.exidx.text.OLED_Init) refers to oled.o(.text.OLED_Init) for [Anonymous Symbol]
    oled.o(.text.OLED_WR_CMD) refers to stm32l0xx_hal_i2c.o(.text.HAL_I2C_Mem_Write) for HAL_I2C_Mem_Write
    oled.o(.text.OLED_WR_CMD) refers to i2c.o(.bss.hi2c1) for hi2c1
    oled.o(.ARM.exidx.text.OLED_WR_CMD) refers to oled.o(.text.OLED_WR_CMD) for [Anonymous Symbol]
    oled.o(.text.OLED_WR_DATA) refers to stm32l0xx_hal_i2c.o(.text.HAL_I2C_Mem_Write) for HAL_I2C_Mem_Write
    oled.o(.text.OLED_WR_DATA) refers to i2c.o(.bss.hi2c1) for hi2c1
    oled.o(.ARM.exidx.text.OLED_WR_DATA) refers to oled.o(.text.OLED_WR_DATA) for [Anonymous Symbol]
    oled.o(.text.OLED_On) refers to oled.o(.text.OLED_WR_CMD) for OLED_WR_CMD
    oled.o(.text.OLED_On) refers to oled.o(.text.OLED_WR_DATA) for OLED_WR_DATA
    oled.o(.ARM.exidx.text.OLED_On) refers to oled.o(.text.OLED_On) for [Anonymous Symbol]
    oled.o(.text.OLED_Clear) refers to oled.o(.text.OLED_WR_CMD) for OLED_WR_CMD
    oled.o(.text.OLED_Clear) refers to oled.o(.text.OLED_WR_DATA) for OLED_WR_DATA
    oled.o(.ARM.exidx.text.OLED_Clear) refers to oled.o(.text.OLED_Clear) for [Anonymous Symbol]
    oled.o(.text.OLED_Display_On) refers to oled.o(.text.OLED_WR_CMD) for OLED_WR_CMD
    oled.o(.ARM.exidx.text.OLED_Display_On) refers to oled.o(.text.OLED_Display_On) for [Anonymous Symbol]
    oled.o(.text.OLED_Display_Off) refers to oled.o(.text.OLED_WR_CMD) for OLED_WR_CMD
    oled.o(.ARM.exidx.text.OLED_Display_Off) refers to oled.o(.text.OLED_Display_Off) for [Anonymous Symbol]
    oled.o(.text.OLED_Set_Pos) refers to oled.o(.text.OLED_WR_CMD) for OLED_WR_CMD
    oled.o(.ARM.exidx.text.OLED_Set_Pos) refers to oled.o(.text.OLED_Set_Pos) for [Anonymous Symbol]
    oled.o(.ARM.exidx.text.oled_pow) refers to oled.o(.text.oled_pow) for [Anonymous Symbol]
    oled.o(.text.OLED_ShowChar) refers to oled.o(.text.OLED_Set_Pos) for OLED_Set_Pos
    oled.o(.text.OLED_ShowChar) refers to oled.o(.text.OLED_WR_DATA) for OLED_WR_DATA
    oled.o(.text.OLED_ShowChar) refers to oledfont.o(.rodata.F6x8) for F6x8
    oled.o(.text.OLED_ShowChar) refers to oledfont.o(.rodata.F8X16) for F8X16
    oled.o(.ARM.exidx.text.OLED_ShowChar) refers to oled.o(.text.OLED_ShowChar) for [Anonymous Symbol]
    oled.o(.text.OLED_ShowString) refers to oled.o(.text.OLED_ShowChar) for OLED_ShowChar
[...]
    __arm_cp.9_2                             0x08000ac8   Number         4  main.o(.text.HAL_GPIO_EXTI_Callback)
    __arm_cp.9_3                             0x08000acc   Number         4  main.o(.text.HAL_GPIO_EXTI_Callback)
    [Anonymous Symbol]                       0x08000ad0   Section        0  stm32l0xx_hal_gpio.o(.text.HAL_GPIO_EXTI_IRQHandler)
    __arm_cp.6_0                             0x08000af8   Number         4  stm32l0xx_hal_gpio.o(.text.HAL_GPIO_EXTI_IRQHandler)
    [Anonymous Symbol]                       0x08000afc   Section        0  stm32l0xx_hal_gpio.o(.text.HAL_GPIO_Init)
    __arm_cp.0_0                             0x08000dd0   Number         4  stm32l0xx_hal_gpio.o(.text.HAL_GPIO_Init)
    __arm_cp.0_1                             0x08000dd4   Number         4  stm32l0xx_hal_gpio.o(.text.HAL_GPIO_Init)
    __arm_cp.0_2                             0x08000dd8   Number         4  stm32l0xx_hal_gpio.o(.text.HAL_GPIO_Init)
    __arm_cp.0_3                             0x08000ddc   Number         4  stm32l0xx_hal_gpio.o(.text.HAL_GPIO_Init)
    __arm_cp.0_4                             0x08000de0   Number         4  stm32l0xx_hal_gpio.o(.text.HAL_GPIO_Init)
    __arm_cp.0_5                             0x08000de4   Number         4  stm32l0xx_hal_gpio.o(.text.HAL_GPIO_Init)
    __arm_cp.0_6                             0x08000de8   Number         4  stm32l0xx_hal_gpio.o(.text.HAL_GPIO_Init)
    __arm_cp.0_7                             0x08000dec   Number         4  stm32l0xx_hal_gpio.o(.text.HAL_GPIO_Init)
    __arm_cp.0_8                             0x08000df0   Number         4  stm32l0xx_hal_gpio.o(.text.HAL_GPIO_Init)
    __arm_cp.0_9                             0x08000df4   Number         4  stm32l0xx_hal_gpio.o(.text.HAL_GPIO_Init)
    [Anonymous Symbol]                       0x08000df8   Section        0  stm32l0xx_hal_gpio.o(.text.HAL_GPIO_ReadPin)
    [Anonymous Symbol]                       0x08000e2a   Section        0  stm32l0xx_hal_gpio.o(.text.HAL_GPIO_WritePin)
    [Anonymous Symbol]                       0x08000e58   Section        0  stm32l0xx_hal.o(.text.HAL_GetTick)
    __arm_cp.6_0                             0x08000e60   Number         4  stm32l0xx_hal.o(.text.HAL_GetTick)
    [Anonymous Symbol]                       0x08000e64   Section        0  stm32l0xx_hal_i2c_ex.o(.text.HAL_I2CEx_ConfigAnalogFilter)
    [Anonymous Symbol]                       0x08000efa   Section        0  stm32l0xx_hal_i2c_ex.o(.text.HAL_I2CEx_ConfigDigitalFilter)
    [Anonymous Symbol]                       0x08000f9c   Section        0  stm32l0xx_hal_i2c.o(.text.HAL_I2C_Init)
    __arm_cp.0_0                             0x080010b8   Number         4  stm32l0xx_hal_i2c.o(.text.HAL_I2C_Init)
    [Anonymous Symbol]                       0x080010bc   Section        0  stm32l0xx_hal_i2c.o(.text.HAL_I2C_Mem_Write)
    __arm_cp.32_0                            0x08001314   Number         4  stm32l0xx_hal_i2c.o(.text.HAL_I2C_Mem_Write)
    [Anonymous Symbol]                       0x08001318   Section        0  i2c.o(.text.HAL_I2C_MspInit)
    __arm_cp.1_0                             0x0800137c   Number         4  i2c.o(.text.HAL_I2C_MspInit)
    __arm_cp.1_1                             0x08001380   Number         4  i2c.o(.text.HAL_I2C_MspInit)
    __arm_cp.1_2                             0x08001384   Number         4  i2c.o(.text.HAL_I2C_MspInit)
    [Anonymous Symbol]                       0x08001388   Section        0  stm32l0xx_hal.o(.text.HAL_IncTick)
    __arm_cp.5_1                             0x08001398   Number         4  stm32l0xx_hal.o(.text.HAL_IncTick)
    [Anonymous Symbol]                       0x0800139c   Section        0  stm32l0xx_hal.o(.text.HAL_Init)
    __arm_cp.0_0                             0x080013d4   Number         4  stm32l0xx_hal.o(.text.HAL_Init)
    [Anonymous Symbol]                       0x080013d8   Section        0  stm32l0xx_hal.o(.text.HAL_InitTick)
    __arm_cp.1_0                             0x0800143c   Number         4  stm32l0xx_hal.o(.text.HAL_InitTick)
    __arm_cp.1_1                             0x08001440   Number         4  stm32l0xx_hal.o(.text.HAL_InitTick)
    __arm_cp.1_2                             0x08001444   Number         4  stm32l0xx_hal.o(.text.HAL_InitTick)
    [Anonymous Symbol]                       0x08001448   Section        0  stm32l0xx_hal_msp.o(.text.HAL_MspInit)
    __arm_cp.0_0                             0x08001460   Number         4  stm32l0xx_hal_msp.o(.text.HAL_MspInit)
    [Anonymous Symbol]                       0x08001464   Section        0  stm32l0xx_hal_cortex.o(.text.HAL_NVIC_EnableIRQ)
    [Anonymous Symbol]                       0x0800147a   Section        0  stm32l0xx_hal_cortex.o(.text.HAL_NVIC_SetPriority)
    [Anonymous Symbol]                       0x08001498   Section        0  stm32l0xx_hal_rcc_ex.o(.text.HAL_RCCEx_PeriphCLKConfig)
    __arm_cp.0_0                             0x08001710   Number         4  stm32l0xx_hal_rcc_ex.o(.text.HAL_RCCEx_PeriphCLKConfig)
    __arm_cp.0_1                             0x08001714   Number         4  stm32l0xx_hal_rcc_ex.o(.text.HAL_RCCEx_PeriphCLKConfig)
    __arm_cp.0_2                             0x08001718   Number         4  stm32l0xx_hal_rcc_ex.o(.text.HAL_RCCEx_PeriphCLKConfig)
    __arm_cp.0_3                             0x0800171c   Number         4  stm32l0xx_hal_rcc_ex.o(.text.HAL_RCCEx_PeriphCLKConfig)
    __arm_cp.0_4                             0x08001720   Number         4  stm32l0xx_hal_rcc_ex.o(.text.HAL_RCCEx_PeriphCLKConfig)
    __arm_cp.0_5                             0x08001724   Number         4  stm32l0xx_hal_rcc_ex.o(.text.HAL_RCCEx_PeriphCLKConfig)
    [Anonymous Symbol]                       0x08001728   Section        0  stm32l0xx_hal_rcc.o(.text.HAL_RCC_ClockConfig)
    __arm_cp.3_0                             0x08001a10   Number         4  stm32l0xx_hal_rcc.o(.text.HAL_RCC_ClockConfig)
    __arm_cp.3_2                             0x08001a14   Number         4  stm32l0xx_hal_rcc.o(.text.HAL_RCC_ClockConfig)
    __arm_cp.3_3                             0x08001a18   Number         4  stm32l0xx_hal_rcc.o(.text.HAL_RCC_ClockConfig)
    __arm_cp.3_4                             0x08001a1c   Number         4  stm32l0xx_hal_rcc.o(.text.HAL_RCC_ClockConfig)
    __arm_cp.3_6                             0x08001a20   Number         4  stm32l0xx_hal_rcc.o(.text.HAL_RCC_ClockConfig)
    [Anonymous Symbol]                       0x08001a24   Section        0  stm32l0xx_hal_rcc.o(.text.HAL_RCC_GetHCLKFreq)
    __arm_cp.6_0                             0x08001a2c   Number         4  stm32l0xx_hal_rcc.o(.text.HAL_RCC_GetHCLKFreq)
    [Anonymous Symbol]                       0x08001a30   Section        0  stm32l0xx_hal_rcc.o(.text.HAL_RCC_GetPCLK1Freq)
    [Anonymous Symbol]                       0x08001a4c   Section        0  stm32l0xx_hal_rcc.o(.text.HAL_RCC_GetPCLK2Freq)
    __arm_cp.8_1                             0x08001a68   Number         4  stm32l0xx_hal_rcc.o(.text.HAL_RCC_GetPCLK2Freq)
    [Anonymous Symbol]                       0x08001a6c   Section        0  stm32l0xx_hal_rcc.o(.text.HAL_RCC_GetSysClockFreq)
    __arm_cp.2_0                             0x08001b70   Number         4  stm32l0xx_hal_rcc.o(.text.HAL_RCC_GetSysClockFreq)
    __arm_cp.2_1                             0x08001b74   Number         4  stm32l0xx_hal_rcc.o(.text.HAL_RCC_GetSysClockFreq)
    __arm_cp.2_2                             0x08001b78   Number         4  stm32l0xx_hal_rcc.o(.text.HAL_RCC_GetSysClockFreq)
    __arm_cp.2_3                             0x08001b7c   Number         4  stm32l0xx_hal_rcc.o(.text.HAL_RCC_GetSysClockFreq)
    __arm_cp.2_4                             0x08001b80   Number         4  stm32l0xx_hal_rcc.o(.text.HAL_RCC_GetSysClockFreq)
    __arm_cp.2_5                             0x08001b84   Number         4  stm32l0xx_hal_rcc.o(.text.HAL_RCC_GetSysClockFreq)
    __arm_cp.2_6                             0x08001b88   Number         4  stm32l0xx_hal_rcc.o(.text.HAL_RCC_GetSysClockFreq)
    [Anonymous Symbol]                       0x08001b8c   Section        0  stm32l0xx_hal_rcc.o(.text.HAL_RCC_OscConfig)
    __arm_cp.1_12                            0x08001f8c   Number         4  stm32l0xx_hal_rcc.o(.text.HAL_RCC_OscConfig)
    __arm_cp.1_13                            0x08001f90   Number         4  stm32l0xx_hal_rcc.o(.text.HAL_RCC_OscConfig)
    __arm_cp.1_14                            0x08001f94   Number         4  stm32l0xx_hal_rcc.o(.text.HAL_RCC_OscConfig)
    __arm_cp.1_15                            0x08001f98   Number         4  stm32l0xx_hal_rcc.o(.text.HAL_RCC_OscConfig)
    __arm_cp.1_0                             0x080022fc   Number         4  stm32l0xx_hal_rcc.o(.text.HAL_RCC_OscConfig)
    __arm_cp.1_1                             0x08002300   Number         4  stm32l0xx_hal_rcc.o(.text.HAL_RCC_OscConfig)
    __arm_cp.1_6                             0x08002304   Number         4  stm32l0xx_hal_rcc.o(.text.HAL_RCC_OscConfig)
    __arm_cp.1_7                             0x08002308   Number         4  stm32l0xx_hal_rcc.o(.text.HAL_RCC_OscConfig)
    __arm_cp.1_8                             0x0800230c   Number         4  stm32l0xx_hal_rcc.o(.text.HAL_RCC_OscConfig)
    __arm_cp.1_9                             0x08002310   Number         4  stm32l0xx_hal_rcc.o(.text.HAL_RCC_OscConfig)
    [Anonymous Symbol]                       0x08002314   Section        0  stm32l0xx_hal_cortex.o(.text.HAL_SYSTICK_Config)
    [Anonymous Symbol]                       0x08002324   Section        0  stm32l0xx_hal_tim_ex.o(.text.HAL_TIMEx_MasterConfigSynchronization)
    [Anonymous Symbol]                       0x080023e4   Section        0  stm32l0xx_hal_tim.o(.text.HAL_TIM_Base_Init)
    [Anonymous Symbol]                       0x08002464   Section        0  tim.o(.text.HAL_TIM_Base_MspInit)
    __arm_cp.2_0                             0x080024c8   Number         4  tim.o(.text.HAL_TIM_Base_MspInit)
    __arm_cp.2_1                             0x080024cc   Number         4  tim.o(.text.HAL_TIM_Base_MspInit)
    [Anonymous Symbol]                       0x080024d0   Section        0  stm32l0xx_hal_tim.o(.text.HAL_TIM_Base_Start_IT)
    __arm_cp.7_0                             0x08002564   Number         4  stm32l0xx_hal_tim.o(.text.HAL_TIM_Base_Start_IT)
    __arm_cp.7_1                             0x08002568   Number         4  stm32l0xx_hal_tim.o(.text.HAL_TIM_Base_Start_IT)
    [Anonymous Symbol]                       0x0800256c   Section        0  stm32l0xx_hal_tim.o(.text.HAL_TIM_Base_Stop_IT)
    __arm_cp.8_0                             0x080025ac   Number         4  stm32l0xx_hal_tim.o(.text.HAL_TIM_Base_Stop_IT)
    [Anonymous Symbol]                       0x080025b0   Section        0  stm32l0xx_hal_tim.o(.text.HAL_TIM_ConfigClockSource)
    [Anonymous Symbol]                       0x0800273a   Section        0  stm32l0xx_hal_tim.o(.text.HAL_TIM_IC_CaptureCallback)
    [Anonymous Symbol]                       0x08002742   Section        0  stm32l0xx_hal_tim.o(.text.HAL_TIM_IRQHandler)
    [Anonymous Symbol]                       0x08002910   Section        0  stm32l0xx_hal_tim.o(.text.HAL_TIM_OC_DelayElapsedCallback)
    [Anonymous Symbol]                       0x08002918   Section        0  stm32l0xx_hal_tim.o(.text.HAL_TIM_PWM_PulseFinishedCallback)
    [Anonymous Symbol]                       0x08002920   Section        0  main.o(.text.HAL_TIM_PeriodElapsedCallback)
    __arm_cp.8_0                             0x080029fc   Number         4  main.o(.text.HAL_TIM_PeriodElapsedCallback)
    __arm_cp.8_1                             0x08002a00   Number         4  main.o(.text.HAL_TIM_PeriodElapsedCallback)
    __arm_cp.8_2                             0x08002a04   Number         4  main.o(.text.HAL_TIM_PeriodElapsedCallback)
    __arm_cp.8_3                             0x08002a08   Number         4  main.o(.text.HAL_TIM_PeriodElapsedCallback)
    __arm_cp.8_4                             0x08002a0c   Number         4  main.o(.text.HAL_TIM_PeriodElapsedCallback)
    __arm_cp.8_5                             0x08002a10   Number         4  main.o(.text.HAL_TIM_PeriodElapsedCallback)
    __arm_cp.8_6                             0x08002a14   Number         4  main.o(.text.HAL_TIM_PeriodElapsedCallback)
    __arm_cp.8_7                             0x08002a18   Number         4  main.o(.text.HAL_TIM_PeriodElapsedCallback)
    [Anonymous Symbol]                       0x08002a1c   Section        0  stm32l0xx_hal_tim.o(.text.HAL_TIM_TriggerCallback)
    [Anonymous Symbol]                       0x08002a24   Section        0  stm32l0xx_hal_uart_ex.o(.text.HAL_UARTEx_ReceiveToIdle_DMA)
    [Anonymous Symbol]                       0x08002b10   Section        0  main.o(.text.HAL_UARTEx_RxEventCallback)
    __arm_cp.10_0                            0x08002b4c   Number         4  main.o(.text.HAL_UARTEx_RxEventCallback)
    __arm_cp.10_1                            0x08002b50   Number         4  main.o(.text.HAL_UARTEx_RxEventCallback)
    __arm_cp.10_2                            0x08002b54   Number         4  main.o(.text.HAL_UARTEx_RxEventCallback)
    [Anonymous Symbol]                       0x08002b58   Section        0  stm32l0xx_hal_uart_ex.o(.text.HAL_UARTEx_WakeupCallback)
    [Anonymous Symbol]                       0x08002b60   Section        0  stm32l0xx_hal_uart.o(.text.HAL_UART_DMAStop)
    [Anonymous Symbol]                       0x08002c90   Section        0  stm32l0xx_hal_uart.o(.text.HAL_UART_ErrorCallback)
    [Anonymous Symbol]                       0x08002c98   Section        0  stm32l0xx_hal_uart.o(.text.HAL_UART_IRQHandler)
    __arm_cp.42_3                            0x08003088   Number         4  stm32l0xx_hal_uart.o(.text.HAL_UART_IRQHandler)
    __arm_cp.42_4                            0x0800308c   Number         4  stm32l0xx_hal_uart.o(.text.HAL_UART_IRQHandler)
    __arm_cp.42_2                            0x080031e0   Number         4  stm32l0xx_hal_uart.o(.text.HAL_UART_IRQHandler)
    [Anonymous Symbol]                       0x080031e4   Section        0  stm32l0xx_hal_uart.o(.text.HAL_UART_Init)
    [Anonymous Symbol]                       0x08003294   Section        0  usart.o(.text.HAL_UART_MspInit)
    __arm_cp.1_0                             0x08003388   Number         4  usart.o(.text.HAL_UART_MspInit)
    __arm_cp.1_1                             0x0800338c   Number         4  usart.o(.text.HAL_UART_MspInit)
    __arm_cp.1_2                             0x08003390   Number         4  usart.o(.text.HAL_UART_MspInit)
    __arm_cp.1_3                             0x08003394   Number         4  usart.o(.text.HAL_UART_MspInit)
    __arm_cp.1_4                             0x08003398   Number         4  usart.o(.text.HAL_UART_MspInit)
    __arm_cp.1_5                             0x0800339c   Number         4  usart.o(.text.HAL_UART_MspInit)
    __arm_cp.1_6                             0x080033a0   Number         4  usart.o(.text.HAL_UART_MspInit)
    __arm_cp.1_7                             0x080033a4   Number         4  usart.o(.text.HAL_UART_MspInit)
    [Anonymous Symbol]                       0x080033a8   Section        0  stm32l0xx_hal_uart.o(.text.HAL_UART_RxCpltCallback)
    [Anonymous Symbol]                       0x080033b0   Section        0  stm32l0xx_hal_uart.o(.text.HAL_UART_RxHalfCpltCallback)
    [Anonymous Symbol]                       0x080033b8   Section        0  stm32l0xx_hal_uart.o(.text.HAL_UART_Transmit_DMA)
    __arm_cp.18_0                            0x080034e4   Number         4  stm32l0xx_hal_uart.o(.text.HAL_UART_Transmit_DMA)
    __arm_cp.18_1                            0x080034e8   Number         4  stm32l0xx_hal_uart.o(.text.HAL_UART_Transmit_DMA)
    __arm_cp.18_2                            0x080034ec   Number         4  stm32l0xx_hal_uart.o(.text.HAL_UART_Transmit_DMA)
    [Anonymous Symbol]                       0x080034f0   Section        0  stm32l0xx_hal_uart.o(.text.HAL_UART_TxCpltCallback)
    [Anonymous Symbol]                       0x080034f8   Section        0  stm32l0xx_hal_uart.o(.text.HAL_UART_TxHalfCpltCallback)
    [Anonymous Symbol]                       0x08003500   Section        0  stm32l0xx_it.o(.text.HardFault_Handler)
    I2C_Flush_TXDR                           0x08003505   Thumb Code    64  stm32l0xx_hal_i2c.o(.text.I2C_Flush_TXDR)
    [Anonymous Symbol]                       0x08003504   Section        0  stm32l0xx_hal_i2c.o(.text.I2C_Flush_TXDR)
    I2C_IsErrorOccurred                      0x08003545   Thumb Code   500  stm32l0xx_hal_i2c.o(.text.I2C_IsErrorOccurred)
    [Anonymous Symbol]                       0x08003544   Section        0  stm32l0xx_hal_i2c.o(.text.I2C_IsErrorOccurred)
    __arm_cp.80_0                            0x08003738   Number         4  stm32l0xx_hal_i2c.o(.text.I2C_IsErrorOccurred)
    I2C_RequestMemoryWrite                   0x0800373d   Thumb Code   184  stm32l0xx_hal_i2c.o(.text.I2C_RequestMemoryWrite)
    [Anonymous Symbol]                       0x0800373c   Section        0  stm32l0xx_hal_i2c.o(.text.I2C_RequestMemoryWrite)
    __arm_cp.33_0                            0x080037f4   Number         4  stm32l0xx_hal_i2c.o(.text.I2C_RequestMemoryWrite)
    I2C_TransferConfig                       0x080037f9   Thumb Code    76  stm32l0xx_hal_i2c.o(.text.I2C_TransferConfig)
    [Anonymous Symbol]                       0x080037f8   Section        0  stm32l0xx_hal_i2c.o(.text.I2C_TransferConfig)
    __arm_cp.6_0                             0x08003844   Number         4  stm32l0xx_hal_i2c.o(.text.I2C_TransferConfig)
    __arm_cp.6_1                             0x08003848   Number         4  stm32l0xx_hal_i2c.o(.text.I2C_TransferConfig)
    I2C_WaitOnFlagUntilTimeout               0x0800384d   Thumb Code   194  stm32l0xx_hal_i2c.o(.text.I2C_WaitOnFlagUntilTimeout)
    [Anonymous Symbol]                       0x0800384c   Section        0  stm32l0xx_hal_i2c.o(.text.I2C_WaitOnFlagUntilTimeout)
    I2C_WaitOnSTOPFlagUntilTimeout           0x0800390f   Thumb Code   160  stm32l0xx_hal_i2c.o(.text.I2C_WaitOnSTOPFlagUntilTimeout)
    [Anonymous Symbol]                       0x0800390e   Section        0  stm32l0xx_hal_i2c.o(.text.I2C_WaitOnSTOPFlagUntilTimeout)
    I2C_WaitOnTXISFlagUntilTimeout           0x080039af   Thumb Code   172  stm32l0xx_hal_i2c.o(.text.I2C_WaitOnTXISFlagUntilTimeout)
    [Anonymous Symbol]                       0x080039ae   Section        0  stm32l0xx_hal_i2c.o(.text.I2C_WaitOnTXISFlagUntilTimeout)
    [Anonymous Symbol]                       0x08003a5c   Section        0  dma.o(.text.MX_DMA_Init)
    __arm_cp.0_0                             0x08003a8c   Number         4  dma.o(.text.MX_DMA_Init)
    [Anonymous Symbol]                       0x08003a90   Section        0  gpio.o(.text.MX_GPIO_Init)
    __arm_cp.0_0                             0x08003bbc   Number         4  gpio.o(.text.MX_GPIO_Init)
    __arm_cp.0_1                             0x08003bc0   Number         4  gpio.o(.text.MX_GPIO_Init)
    __arm_cp.0_2                             0x08003bc4   Number         4  gpio.o(.text.MX_GPIO_Init)
    [Anonymous Symbol]                       0x08003bc8   Section        0  i2c.o(.text.MX_I2C1_Init)
    __arm_cp.0_0                             0x08003c28   Number         4  i2c.o(.text.MX_I2C1_Init)
    __arm_cp.0_1                             0x08003c2c   Number         4  i2c.o(.text.MX_I2C1_Init)
    __arm_cp.0_2                             0x08003c30   Number         4  i2c.o(.text.MX_I2C1_Init)
    [Anonymous Symbol]                       0x08003c34   Section        0  tim.o(.text.MX_TIM2_Init)
    __arm_cp.0_0                             0x08003ca8   Number         4  tim.o(.text.MX_TIM2_Init)
    [Anonymous Symbol]                       0x08003cac   Section        0  tim.o(.text.MX_TIM6_Init)
    __arm_cp.1_0                             0x08003cf8   Number         4  tim.o(.text.MX_TIM6_Init)
    __arm_cp.1_1                             0x08003cfc   Number         4  tim.o(.text.MX_TIM6_Init)
    __arm_cp.1_2                             0x08003d00   Number         4  tim.o(.text.MX_TIM6_Init)
    [Anonymous Symbol]                       0x08003d04   Section        0  usart.o(.text.MX_USART1_UART_Init)
    __arm_cp.0_0                             0x08003d40   Number         4  usart.o(.text.MX_USART1_UART_Init)
    __arm_cp.0_1                             0x08003d44   Number         4  usart.o(.text.MX_USART1_UART_Init)
    [Anonymous Symbol]                       0x08003d48   Section        0  stm32l0xx_it.o(.text.NMI_Handler)
    [Anonymous Symbol]                       0x08003d4c   Section        0  oled.o(.text.OLED_Clear)
    [Anonymous Symbol]                       0x08003db0   Section        0  oled.o(.text.OLED_Init)
    __arm_cp.0_0                             0x08003dec   Number         4  oled.o(.text.OLED_Init)
    [Anonymous Symbol]                       0x08003df0   Section        0  oled.o(.text.OLED_Set_Pos)
    [Anonymous Symbol]                       0x08003e24   Section        0  oled.o(.text.OLED_ShowCHinese)
    __arm_cp.13_0                            0x08003f18   Number         4  oled.o(.text.OLED_ShowCHinese)
    [Anonymous Symbol]                       0x08003f1c   Section        0  oled.o(.text.OLED_ShowChar)
    __arm_cp.9_0                             0x080040ac   Number         4  oled.o(.text.OLED_ShowChar)
    __arm_cp.9_1                             0x080040b0   Number         4  oled.o(.text.OLED_ShowChar)
    [Anonymous Symbol]                       0x080040b4   Section        0  oled.o(.text.OLED_ShowNum)
    [Anonymous Symbol]                       0x0800419c   Section        0  oled.o(.text.OLED_WR_CMD)
    [Anonymous Symbol]                       0x080041c0   Section        0  oled.o(.text.OLED_WR_DATA)
    __arm_cp.2_0                             0x080041e4   Number         4  oled.o(.text.OLED_WR_DATA)
    [Anonymous Symbol]                       0x080041e8   Section        0  stm32l0xx_it.o(.text.PendSV_Handler)
    [Anonymous Symbol]                       0x080041ea   Section        0  stm32l0xx_it.o(.text.SVC_Handler)
    SysTick_Config                           0x080041ed   Thumb Code    68  stm32l0xx_hal_cortex.o(.text.SysTick_Config)
    [Anonymous Symbol]                       0x080041ec   Section        0  stm32l0xx_hal_cortex.o(.text.SysTick_Config)
    __arm_cp.9_0                             0x08004230   Number         4  stm32l0xx_hal_cortex.o(.text.SysTick_Config)
    __arm_cp.9_1                             0x08004234   Number         4  stm32l0xx_hal_cortex.o(.text.SysTick_Config)
    __arm_cp.9_2                             0x08004238   Number         4  stm32l0xx_hal_cortex.o(.text.SysTick_Config)
    [Anonymous Symbol]                       0x0800423c   Section        0  stm32l0xx_it.o(.text.SysTick_Handler)
    [Anonymous Symbol]                       0x08004244   Section        0  main.o(.text.SystemClock_Config)
    __arm_cp.1_0                             0x080042ec   Number         4  main.o(.text.SystemClock_Config)
    [Anonymous Symbol]                       0x080042f0   Section        0  system_stm32l0xx.o(.text.SystemInit)
    [Anonymous Symbol]                       0x080042f4   Section        0  stm32l0xx_it.o(.text.TIM2_IRQHandler)
    __arm_cp.9_0                             0x08004300   Number         4  stm32l0xx_it.o(.text.TIM2_IRQHandler)
    [Anonymous Symbol]                       0x08004304   Section        0  stm32l0xx_it.o(.text.TIM6_IRQHandler)
    __arm_cp.10_0                            0x08004310   Number         4  stm32l0xx_it.o(.text.TIM6_IRQHandler)
    TIM_Base_SetConfig                       0x08004315   Thumb Code   176  stm32l0xx_hal_tim.o(.text.TIM_Base_SetConfig)
    [Anonymous Symbol]                       0x08004314   Section        0  stm32l0xx_hal_tim.o(.text.TIM_Base_SetConfig)
    __arm_cp.2_0                             0x080043c4   Number         4  stm32l0xx_hal_tim.o(.text.TIM_Base_SetConfig)
    __arm_cp.2_1                             0x080043c8   Number         4  stm32l0xx_hal_tim.o(.text.TIM_Base_SetConfig)
    TIM_ETR_SetConfig                        0x080043cd   Thumb Code    54  stm32l0xx_hal_tim.o(.text.TIM_ETR_SetConfig)
    [Anonymous Symbol]                       0x080043cc   Section        0  stm32l0xx_hal_tim.o(.text.TIM_ETR_SetConfig)
    TIM_ITRx_SetConfig                       0x08004403   Thumb Code    42  stm32l0xx_hal_tim.o(.text.TIM_ITRx_SetConfig)
    [Anonymous Symbol]                       0x08004402   Section        0  stm32l0xx_hal_tim.o(.text.TIM_ITRx_SetConfig)
    TIM_TI1_ConfigInputStage                 0x0800442d   Thumb Code    80  stm32l0xx_hal_tim.o(.text.TIM_TI1_ConfigInputStage)
    [Anonymous Symbol]                       0x0800442c   Section        0  stm32l0xx_hal_tim.o(.text.TIM_TI1_ConfigInputStage)
    TIM_TI2_ConfigInputStage                 0x0800447d   Thumb Code    84  stm32l0xx_hal_tim.o(.text.TIM_TI2_ConfigInputStage)
    [Anonymous Symbol]                       0x0800447c   Section        0  stm32l0xx_hal_tim.o(.text.TIM_TI2_ConfigInputStage)
    [Anonymous Symbol]                       0x080044d0   Section        0  stm32l0xx_hal_uart.o(.text.UART_AdvFeatureConfig)
    [Anonymous Symbol]                       0x0800462c   Section        0  stm32l0xx_hal_uart.o(.text.UART_CheckIdleState)
    __arm_cp.4_0                             0x08004784   Number         4  stm32l0xx_hal_uart.o(.text.UART_CheckIdleState)
    UART_DMAAbortOnError                     0x08004789   Thumb Code    30  stm32l0xx_hal_uart.o(.text.UART_DMAAbortOnError)
    [Anonymous Symbol]                       0x08004788   Section        0  stm32l0xx_hal_uart.o(.text.UART_DMAAbortOnError)
    UART_DMAError                            0x080047a7   Thumb Code   124  stm32l0xx_hal_uart.o(.text.UART_DMAError)
    [Anonymous Symbol]                       0x080047a6   Section        0  stm32l0xx_hal_uart.o(.text.UART_DMAError)
    UART_DMAReceiveCplt                      0x08004823   Thumb Code   328  stm32l0xx_hal_uart.o(.text.UART_DMAReceiveCplt)
    [Anonymous Symbol]                       0x08004822   Section        0  stm32l0xx_hal_uart.o(.text.UART_DMAReceiveCplt)
    UART_DMARxHalfCplt                       0x0800496b   Thumb Code   104  stm32l0xx_hal_uart.o(.text.UART_DMARxHalfCplt)
    [Anonymous Symbol]                       0x0800496a   Section        0  stm32l0xx_hal_uart.o(.text.UART_DMARxHalfCplt)
    UART_DMATransmitCplt                     0x080049d3   Thumb Code   140  stm32l0xx_hal_uart.o(.text.UART_DMATransmitCplt)
    [Anonymous Symbol]                       0x080049d2   Section        0  stm32l0xx_hal_uart.o(.text.UART_DMATransmitCplt)
    UART_DMATxHalfCplt                       0x08004a5f   Thumb Code    22  stm32l0xx_hal_uart.o(.text.UART_DMATxHalfCplt)
    [Anonymous Symbol]                       0x08004a5e   Section        0  stm32l0xx_hal_uart.o(.text.UART_DMATxHalfCplt)
    UART_EndRxTransfer                       0x08004a75   Thumb Code   176  stm32l0xx_hal_uart.o(.text.UART_EndRxTransfer)
    [Anonymous Symbol]                       0x08004a74   Section        0  stm32l0xx_hal_uart.o(.text.UART_EndRxTransfer)
    UART_EndTransmit_IT                      0x08004b25   Thumb Code    74  stm32l0xx_hal_uart.o(.text.UART_EndTransmit_IT)
    [Anonymous Symbol]                       0x08004b24   Section        0  stm32l0xx_hal_uart.o(.text.UART_EndTransmit_IT)
    UART_EndTxTransfer                       0x08004b6f   Thumb Code    60  stm32l0xx_hal_uart.o(.text.UART_EndTxTransfer)
    [Anonymous Symbol]                       0x08004b6e   Section        0  stm32l0xx_hal_uart.o(.text.UART_EndTxTransfer)
    [Anonymous Symbol]                       0x08004bac   Section        0  stm32l0xx_hal_uart.o(.text.UART_SetConfig)
    __arm_cp.3_14                            0x08004fc8   Number         4  stm32l0xx_hal_uart.o(.text.UART_SetConfig)
    __arm_cp.3_15                            0x08004fcc   Number         4  stm32l0xx_hal_uart.o(.text.UART_SetConfig)
    __arm_cp.3_0                             0x08005064   Number         4  stm32l0xx_hal_uart.o(.text.UART_SetConfig)
    __arm_cp.3_3                             0x08005068   Number         4  stm32l0xx_hal_uart.o(.text.UART_SetConfig)
    __arm_cp.3_4                             0x0800506c   Number         4  stm32l0xx_hal_uart.o(.text.UART_SetConfig)
    __arm_cp.3_5                             0x08005070   Number         4  stm32l0xx_hal_uart.o(.text.UART_SetConfig)
    __arm_cp.3_6                             0x08005074   Number         4  stm32l0xx_hal_uart.o(.text.UART_SetConfig)
    __arm_cp.3_7                             0x08005078   Number         4  stm32l0xx_hal_uart.o(.text.UART_SetConfig)
    [Anonymous Symbol]                       0x0800507c   Section        0  stm32l0xx_hal_uart.o(.text.UART_Start_Receive_DMA)
    __arm_cp.23_0                            0x080051a8   Number         4  stm32l0xx_hal_uart.o(.text.UART_Start_Receive_DMA)
    __arm_cp.23_1                            0x080051ac   Number         4  stm32l0xx_hal_uart.o(.text.UART_Start_Receive_DMA)
    __arm_cp.23_2                            0x080051b0   Number         4  stm32l0xx_hal_uart.o(.text.UART_Start_Receive_DMA)
    [Anonymous Symbol]                       0x080051b4   Section        0  stm32l0xx_hal_uart.o(.text.UART_WaitOnFlagUntilTimeout)
    [Anonymous Symbol]                       0x080052bc   Section        0  stm32l0xx_it.o(.text.USART1_IRQHandler)
    __NVIC_EnableIRQ                         0x080052c9   Thumb Code    40  stm32l0xx_hal_cortex.o(.text.__NVIC_EnableIRQ)
    [Anonymous Symbol]                       0x080052c8   Section        0  stm32l0xx_hal_cortex.o(.text.__NVIC_EnableIRQ)
    __arm_cp.3_0                             0x080052f0   Number         4  stm32l0xx_hal_cortex.o(.text.__NVIC_EnableIRQ)
    __NVIC_SetPriority                       0x080052f5   Thumb Code   124  stm32l0xx_hal_cortex.o(.text.__NVIC_SetPriority)
    [Anonymous Symbol]                       0x080052f4   Section        0  stm32l0xx_hal_cortex.o(.text.__NVIC_SetPriority)
    __arm_cp.1_0                             0x08005370   Number         4  stm32l0xx_hal_cortex.o(.text.__NVIC_SetPriority)
    __arm_cp.1_1                             0x08005374   Number         4  stm32l0xx_hal_cortex.o(.text.__NVIC_SetPriority)
    [Anonymous Symbol]                       0x08005378   Section        0  main.o(.text.calculateBCC)
    [Anonymous Symbol]                       0x080053b4   Section        0  main.o(.text.main)
    __arm_cp.0_0                             0x08005474   Number         4  main.o(.text.main)
    __arm_cp.0_1                             0x08005478   Number         4  main.o(.text.main)
    __arm_cp.0_2                             0x0800547c   Number         4  main.o(.text.main)
    __arm_cp.0_3                             0x08005480   Number         4  main.o(.text.main)
    __arm_cp.0_4                             0x08005484   Number         4  main.o(.text.main)
    __arm_cp.0_8                             0x08005488   Number         4  main.o(.text.main)
    __arm_cp.0_10                            0x0800548c   Number         4  main.o(.text.main)
    __arm_cp.0_12                            0x08005490   Number         4  main.o(.text.main)
    [Anonymous Symbol]                       0x08005494   Section        0  main.o(.text.menu_delete)
    __arm_cp.7_0                             0x080057e4   Number         4  main.o(.text.menu_delete)
    __arm_cp.7_1                             0x080057e8   Number         4  main.o(.text.menu_delete)
    __arm_cp.7_2                             0x080057ec   Number         4  main.o(.text.menu_delete)
    __arm_cp.7_3                             0x080057f0   Number         4  main.o(.text.menu_delete)
    __arm_cp.7_4                             0x080057f4   Number         4  main.o(.text.menu_delete)
    __arm_cp.7_5                             0x080057f8   Number         4  main.o(.text.menu_delete)
    __arm_cp.7_6                             0x080057fc   Number         4  main.o(.text.menu_delete)
    __arm_cp.7_7                             0x08005800   Number         4  main.o(.text.menu_delete)
    __arm_cp.7_8                             0x08005804   Number         4  main.o(.text.menu_delete)
    __arm_cp.7_9                             0x08005808   Number         4  main.o(.text.menu_delete)
    __arm_cp.7_10                            0x0800580c   Number         4  main.o(.text.menu_delete)
    [Anonymous Symbol]                       0x08005810   Section        0  main.o(.text.menu_enroll)
    __arm_cp.5_13                            0x08005cb0   Number         4  main.o(.text.menu_enroll)
    __arm_cp.5_14                            0x08005d90   Number         4  main.o(.text.menu_enroll)
    __arm_cp.5_0                             0x08005d94   Number         4  main.o(.text.menu_enroll)
    __arm_cp.5_1                             0x08005d98   Number         4  main.o(.text.menu_enroll)
    __arm_cp.5_2                             0x08005d9c   Number         4  main.o(.text.menu_enroll)
    __arm_cp.5_3                             0x08005da0   Number         4  main.o(.text.menu_enroll)
    __arm_cp.5_4                             0x08005da4   Number         4  main.o(.text.menu_enroll)
    __arm_cp.5_5                             0x08005da8   Number         4  main.o(.text.menu_enroll)
    __arm_cp.5_6                             0x08005dac   Number         4  main.o(.text.menu_enroll)
    __arm_cp.5_9                             0x08005db0   Number         4  main.o(.text.menu_enroll)
    __arm_cp.5_10                            0x08005db4   Number         4  main.o(.text.menu_enroll)
    [Anonymous Symbol]                       0x08005db8   Section        0  main.o(.text.menu_main)
    __arm_cp.4_0                             0x08005eac   Number         4  main.o(.text.menu_main)
    [Anonymous Symbol]                       0x08005eb0   Section        0  main.o(.text.menu_verify)
    __arm_cp.6_0                             0x0800612c   Number         4  main.o(.text.menu_verify)
    __arm_cp.6_1                             0x08006130   Number         4  main.o(.text.menu_verify)
    __arm_cp.6_2                             0x08006134   Number         4  main.o(.text.menu_verify)
    __arm_cp.6_3                             0x08006138   Number         4  main.o(.text.menu_verify)
    __arm_cp.6_4                             0x0800613c   Number         4  main.o(.text.menu_verify)
    __arm_cp.6_5                             0x08006140   Number         4  main.o(.text.menu_verify)
    __arm_cp.6_6                             0x08006144   Number         4  main.o(.text.menu_verify)
    __arm_cp.6_7                             0x08006148   Number         4  main.o(.text.menu_verify)
    __arm_cp.6_8                             0x0800614c   Number         4  main.o(.text.menu_verify)
    __arm_cp.6_9                             0x08006150   Number         4  main.o(.text.menu_verify)
    [Anonymous Symbol]                       0x08006154   Section        0  oled.o(.text.oled_pow)
    .bss                                     0x20000030   Section       96  libspace.o(.bss)
    Heap_Mem                                 0x20000348   Data         512  startup_stm32l051xx.o(HEAP)
    HEAP                                     0x20000348   Section      512  startup_stm32l051xx.o(HEAP)
    Stack_Mem                                0x20000548   Data        1024  startup_stm32l051xx.o(STACK)
    STACK                                    0x20000548   Section     1024  startup_stm32l051xx.o(STACK)
    __initial_sp                             0x20000948   Data           0  startup_stm32l051xx.o(STACK)

    Global Symbols

    Symbol Name                              Value     Ov Type        Size  Object(Section)

    BuildAttributes$$THM_ISAv3M$S$PE$A:L22$X:L11$S22$IEEE1$IW$~IW$USESV6$~STKCKD$USESV7$~SHL$OSPACE$ROPI$EBA8$UX$STANDARDLIB$REQ8$PRES8$EABIv2 0x00000000   Number         0  anon$$obj.o ABSOLUTE
    __ARM_exceptions_init                     - Undefined Weak Reference
    __alloca_initialize                       - Undefined Weak Reference
    __arm_preinit_                            - Undefined Weak Reference
    __arm_relocate_pie_                       - Undefined Weak Reference
    __cpp_initialize__aeabi_                  - Undefined Weak Reference
    __cxa_finalize                            - Undefined Weak Reference
    __rt_locale                               - Undefined Weak Reference
    __sigvec_lookup                           - Undefined Weak Reference
    _atexit_init                              - Undefined Weak Reference
    _call_atexit_fns                          - Undefined Weak Reference
    _clock_init                               - Undefined Weak Reference
    _fp_trap_init                             - Undefined Weak Reference
    _fp_trap_shutdown                         - Undefined Weak Reference
    _get_lc_collate                           - Undefined Weak Reference
    _get_lc_ctype                             - Undefined Weak Reference
    _get_lc_monetary                          - Undefined Weak Reference
    _get_lc_numeric                           - Undefined Weak Reference
    _get_lc_time                              - Undefined Weak Reference
    _getenv_init                              - Undefined Weak Reference
    _handle_redirection                       - Undefined Weak Reference
    _init_alloc                               - Undefined Weak Reference
    _init_user_alloc                          - Undefined Weak Reference
    _initio                                   - Undefined Weak Reference
    _rand_init                                - Undefined Weak Reference
    _signal_finish                            - Undefined Weak Reference
    _signal_init                              - Undefined Weak Reference
    _terminate_alloc                          - Undefined Weak Reference
    _terminate_user_alloc                     - Undefined Weak Reference
    _terminateio                              - Undefined Weak Reference
    __Vectors_Size                           0x000000c0   Number         0  startup_stm32l051xx.o ABSOLUTE
    __Vectors                                0x08000000   Data           4  startup_stm32l051xx.o(RESET)
    __Vectors_End                            0x080000c0   Data           0  startup_stm32l051xx.o(RESET)
    __main                                   0x080000c1   Thumb Code     8  __main.o(!!!main)
    __scatterload                            0x080000c9   Thumb Code     0  __scatter.o(!!!scatter)
    __scatterload_rt2                        0x080000c9   Thumb Code    74  __scatter.o(!!!scatter)
    __scatterload_rt2_thumb_only             0x080000c9   Thumb Code     0  __scatter.o(!!!scatter)
    __scatterload_loop                       0x080000d3   Thumb Code     0  __scatter.o(!!!scatter)
    __scatterload_copy                       0x0800011d   Thumb Code    26  __scatter_copy.o(!!handler_copy)
    __scatterload_null                       0x08000139   Thumb Code     2  __scatter.o(!!handler_null)
    __scatterload_zeroinit                   0x0800013d   Thumb Code    28  __scatter_zi.o(!!handler_zi)
    __rt_lib_init                            0x08000159   Thumb Code     0  libinit.o(.ARM.Collect$$libinit$$00000000)
    __rt_lib_init_alloca_1                   0x0800015b   Thumb Code     0  libinit2.o(.ARM.Collect$$libinit$$00000030)
    __rt_lib_init_argv_1                     0x0800015b   Thumb Code     0  libinit2.o(.ARM.Collect$$libinit$$0000002E)
    __rt_lib_init_atexit_1                   0x0800015b   Thumb Code     0  libinit2.o(.ARM.Collect$$libinit$$0000001D)
    __rt_lib_init_clock_1                    0x0800015b   Thumb Code     0  libinit2.o(.ARM.Collect$$libinit$$00000023)
    __rt_lib_init_cpp_1                      0x0800015b   Thumb Code     0  libinit2.o(.ARM.Collect$$libinit$$00000034)
    __rt_lib_init_exceptions_1               0x0800015b   Thumb Code     0  libinit2.o(.ARM.Collect$$libinit$$00000032)
    __rt_lib_init_fp_1                       0x0800015b   Thumb Code     0  libinit2.o(.ARM.Collect$$libinit$$00000002)
    __rt_lib_init_fp_trap_1                  0x0800015b   Thumb Code     0  libinit2.o(.ARM.Collect$$libinit$$00000021)
    __rt_lib_init_getenv_1                   0x0800015b   Thumb Code     0  libinit2.o(.ARM.Collect$$libinit$$00000025)
    __rt_lib_init_heap_1                     0x0800015b   Thumb Code     0  libinit2.o(.ARM.Collect$$libinit$$0000000C)
    __rt_lib_init_lc_collate_1               0x0800015b   Thumb Code     0  libinit2.o(.ARM.Collect$$libinit$$00000013)
    __rt_lib_init_lc_ctype_1                 0x0800015b   Thumb Code     0  libinit2.o(.ARM.Collect$$libinit$$00000015)
    __rt_lib_init_lc_monetary_1              0x0800015b   Thumb Code     0  libinit2.o(.ARM.Collect$$libinit$$00000017)
    __rt_lib_init_lc_numeric_1               0x0800015b   Thumb Code     0  libinit2.o(.ARM.Collect$$libinit$$00000019)
    __rt_lib_init_lc_time_1                  0x0800015b   Thumb Code     0  libinit2.o(.ARM.Collect$$libinit$$0000001B)
    __rt_lib_init_preinit_1                  0x0800015b   Thumb Code     0  libinit2.o(.ARM.Collect$$libinit$$00000006)
    __rt_lib_init_rand_1                     0x0800015b   Thumb Code     0  libinit2.o(.ARM.Collect$$libinit$$00000010)
    __rt_lib_init_relocate_pie_1             0x0800015b   Thumb Code     0  libinit2.o(.ARM.Collect$$libinit$$00000004)
    __rt_lib_init_return                     0x0800015b   Thumb Code     0  libinit2.o(.ARM.Collect$$libinit$$00000035)
    __rt_lib_init_signal_1                   0x0800015b   Thumb Code     0  libinit2.o(.ARM.Collect$$libinit$$0000001F)
    __rt_lib_init_stdio_1                    0x0800015b   Thumb Code     0  libinit2.o(.ARM.Collect$$libinit$$00000027)
    __rt_lib_init_user_alloc_1               0x0800015b   Thumb Code     0  libinit2.o(.ARM.Collect$$libinit$$0000000E)
    __rt_lib_shutdown                        0x0800015d   Thumb Code     0  libshutdown.o(.ARM.Collect$$libshutdown$$00000000)
    __rt_lib_shutdown_cpp_1                  0x0800015f   Thumb Code     0  libshutdown2.o(.ARM.Collect$$libshutdown$$00000002)
    __rt_lib_shutdown_fp_trap_1              0x0800015f   Thumb Code     0  libshutdown2.o(.ARM.Collect$$libshutdown$$00000007)
    __rt_lib_shutdown_heap_1                 0x0800015f   Thumb Code     0  libshutdown2.o(.ARM.Collect$$libshutdown$$0000000F)
    __rt_lib_shutdown_return                 0x0800015f   Thumb Code     0  libshutdown2.o(.ARM.Collect$$libshutdown$$00000010)
    __rt_lib_shutdown_signal_1               0x0800015f   Thumb Code     0  libshutdown2.o(.ARM.Collect$$libshutdown$$0000000A)
    __rt_lib_shutdown_stdio_1                0x0800015f   Thumb Code     0  libshutdown2.o(.ARM.Collect$$libshutdown$$00000004)
    __rt_lib_shutdown_user_alloc_1           0x0800015f   Thumb Code     0  libshutdown2.o(.ARM.Collect$$libshutdown$$0000000C)
    __rt_entry                               0x08000161   Thumb Code     0  __rtentry.o(.ARM.Collect$$rtentry$$00000000)
    __rt_entry_presh_1                       0x08000161   Thumb Code     0  __rtentry2.o(.ARM.Collect$$rtentry$$00000002)
    __rt_entry_sh                            0x08000161   Thumb Code     0  __rtentry4.o(.ARM.Collect$$rtentry$$00000004)
    __rt_entry_li                            0x08000167   Thumb Code     0  __rtentry2.o(.ARM.Collect$$rtentry$$0000000A)
    __rt_entry_postsh_1                      0x08000167   Thumb Code     0  __rtentry2.o(.ARM.Collect$$rtentry$$00000009)
    __rt_entry_main                          0x0800016b   Thumb Code     0  __rtentry2.o(.ARM.Collect$$rtentry$$0000000D)
    __rt_entry_postli_1                      0x0800016b   Thumb Code     0  __rtentry2.o(.ARM.Collect$$rtentry$$0000000C)
    __rt_exit                                0x08000173   Thumb Code     0  rtexit.o(.ARM.Collect$$rtexit$$00000000)
    __rt_exit_ls                             0x08000175   Thumb Code     0  rtexit2.o(.ARM.Collect$$rtexit$$00000003)
    __rt_exit_prels_1                        0x08000175   Thumb Code     0  rtexit2.o(.ARM.Collect$$rtexit$$00000002)
    __rt_exit_exit                           0x08000179   Thumb Code     0  rtexit2.o(.ARM.Collect$$rtexit$$00000004)
    Reset_Handler                            0x08000181   Thumb Code     8  startup_stm32l051xx.o(.text)
    ADC1_COMP_IRQHandler                     0x08000193   Thumb Code     0  startup_stm32l051xx.o(.text)
    DMA1_Channel1_IRQHandler                 0x08000193   Thumb Code     0  startup_stm32l051xx.o(.text)
    DMA1_Channel4_5_6_7_IRQHandler           0x08000193   Thumb Code     0  startup_stm32l051xx.o(.text)
    FLASH_IRQHandler                         0x08000193   Thumb Code     0  startup_stm32l051xx.o(.text)
    I2C1_IRQHandler                          0x08000193   Thumb Code     0  startup_stm32l051xx.o(.text)
    I2C2_IRQHandler                          0x08000193   Thumb Code     0  startup_stm32l051xx.o(.text)
    LPTIM1_IRQHandler                        0x08000193   Thumb Code     0  startup_stm32l051xx.o(.text)
    LPUART1_IRQHandler                       0x08000193   Thumb Code     0  startup_stm32l051xx.o(.text)
    PVD_IRQHandler                           0x08000193   Thumb Code     0  startup_stm32l051xx.o(.text)
    RCC_IRQHandler                           0x08000193   Thumb Code     0  startup_stm32l051xx.o(.text)
    RTC_IRQHandler                           0x08000193   Thumb Code     0  startup_stm32l051xx.o(.text)
    SPI1_IRQHandler                          0x08000193   Thumb Code     0  startup_stm32l051xx.o(.text)
    SPI2_IRQHandler                          0x08000193   Thumb Code     0  startup_stm32l051xx.o(.text)
    TIM21_IRQHandler                         0x08000193   Thumb Code     0  startup_stm32l051xx.o(.text)
    TIM22_IRQHandler                         0x08000193   Thumb Code     0  startup_stm32l051xx.o(.text)
    USART2_IRQHandler                        0x08000193   Thumb Code     0  startup_stm32l051xx.o(.text)
    WWDG_IRQHandler                          0x08000193   Thumb Code     0  startup_stm32l051xx.o(.text)
    __user_initial_stackheap                 0x08000195   Thumb Code     0  startup_stm32l051xx.o(.text)
    __aeabi_uldivmod                         0x080001b9   Thumb Code   272  lludiv.o(.text)
    _ll_udiv                                 0x080001b9   Thumb Code     0  lludiv.o(.text)
    _memset_w                                0x080002c9   Thumb Code    26  rt_memclr.o(.text)
    _memset                                  0x080002e3   Thumb Code    30  rt_memclr.o(.text)
    __aeabi_memclr                           0x08000301   Thumb Code     4  rt_memclr.o(.text)
    __rt_memclr                              0x08000301   Thumb Code     0  rt_memclr.o(.text)
    __aeabi_memclr4                          0x08000305   Thumb Code     0  rt_memclr.o(.text)
    __aeabi_memclr8                          0x08000305   Thumb Code     0  rt_memclr.o(.text)
    __rt_memclr_w                            0x08000305   Thumb Code     4  rt_memclr.o(.text)
    __aeabi_uidiv                            0x08000309   Thumb Code     0  aeabi_sdiv.o(.text)
    __aeabi_uidivmod                         0x08000309   Thumb Code    20  aeabi_sdiv.o(.text)
    __aeabi_idiv                             0x0800031d   Thumb Code     0  aeabi_sdiv.o(.text)
    __aeabi_idivmod                          0x0800031d   Thumb Code   338  aeabi_sdiv.o(.text)
    __use_two_region_memory                  0x08000475   Thumb Code     2  heapauxi.o(.text)
    __rt_heap_escrow$2region                 0x08000477   Thumb Code     2  heapauxi.o(.text)
    __rt_heap_expand$2region                 0x08000479   Thumb Code     2  heapauxi.o(.text)
    __user_setup_stackheap                   0x0800047b   Thumb Code    62  sys_stackheap_outer.o(.text)
    exit                                     0x080004b9   Thumb Code    16  exit.o(.text)
    __user_libspace                          0x080004c9   Thumb Code     8  libspace.o(.text)
    __user_perproc_libspace                  0x080004c9   Thumb Code     0  libspace.o(.text)
    __user_perthread_libspace                0x080004c9   Thumb Code     0  libspace.o(.text)
    _sys_exit                                0x080004d1   Thumb Code     8  sys_exit.o(.text)
    __I$use$semihosting                      0x080004dd   Thumb Code     0  use_no_semi.o(.text)
    __use_no_semihosting_swi                 0x080004dd   Thumb Code     2  use_no_semi.o(.text)
    __semihosting_library_function           0x080004df   Thumb Code     0  indicate_semi.o(.text)
    DMA1_Channel2_3_IRQHandler               0x080004e1   Thumb Code    16  stm32l0xx_it.o(.text.DMA1_Channel2_3_IRQHandler)
    EXTI0_1_IRQHandler                       0x0800054d   Thumb Code    16  stm32l0xx_it.o(.text.EXTI0_1_IRQHandler)
    EXTI2_3_IRQHandler                       0x0800055d   Thumb Code    10  stm32l0xx_it.o(.text.EXTI2_3_IRQHandler)
    EXTI4_15_IRQHandler                      0x08000567   Thumb Code    26  stm32l0xx_it.o(.text.EXTI4_15_IRQHandler)
    Error_Handler                            0x08000581   Thumb Code    14  main.o(.text.Error_Handler)
    HAL_DMA_Abort                            0x0800058f   Thumb Code   122  stm32l0xx_hal_dma.o(.text.HAL_DMA_Abort)
    HAL_DMA_Abort_IT                         0x08000609   Thumb Code   124  stm32l0xx_hal_dma.o(.text.HAL_DMA_Abort_IT)
    HAL_DMA_GetError                         0x08000685   Thumb Code    12  stm32l0xx_hal_dma.o(.text.HAL_DMA_GetError)
    HAL_DMA_IRQHandler                       0x08000691   Thumb Code   348  stm32l0xx_hal_dma.o(.text.HAL_DMA_IRQHandler)
    HAL_DMA_Init                             0x080007ed   Thumb Code   204  stm32l0xx_hal_dma.o(.text.HAL_DMA_Init)
    HAL_DMA_Start_IT                         0x080008c9   Thumb Code   202  stm32l0xx_hal_dma.o(.text.HAL_DMA_Start_IT)
    HAL_Delay                                0x08000995   Thumb Code    64  stm32l0xx_hal.o(.text.HAL_Delay)
    HAL_GPIO_EXTI_Callback                   0x080009d9   Thumb Code   236  main.o(.text.HAL_GPIO_EXTI_Callback)
    HAL_GPIO_EXTI_IRQHandler                 0x08000ad1   Thumb Code    40  stm32l0xx_hal_gpio.o(.text.HAL_GPIO_EXTI_IRQHandler)
    HAL_GPIO_Init                            0x08000afd   Thumb Code   724  stm32l0xx_hal_gpio.o(.text.HAL_GPIO_Init)
    HAL_GPIO_ReadPin                         0x08000df9   Thumb Code    50  stm32l0xx_hal_gpio.o(.text.HAL_GPIO_ReadPin)
    HAL_GPIO_WritePin                        0x08000e2b   Thumb Code    44  stm32l0xx_hal_gpio.o(.text.HAL_GPIO_WritePin)
    HAL_GetTick                              0x08000e59   Thumb Code     8  stm32l0xx_hal.o(.text.HAL_GetTick)
    HAL_I2CEx_ConfigAnalogFilter             0x08000e65   Thumb Code   150  stm32l0xx_hal_i2c_ex.o(.text.HAL_I2CEx_ConfigAnalogFilter)
    HAL_I2CEx_ConfigDigitalFilter            0x08000efb   Thumb Code   160  stm32l0xx_hal_i2c_ex.o(.text.HAL_I2CEx_ConfigDigitalFilter)
    HAL_I2C_Init                             0x08000f9d   Thumb Code   284  stm32l0xx_hal_i2c.o(.text.HAL_I2C_Init)
    HAL_I2C_Mem_Write                        0x080010bd   Thumb Code   600  stm32l0xx_hal_i2c.o(.text.HAL_I2C_Mem_Write)
    HAL_I2C_MspInit                          0x08001319   Thumb Code   100  i2c.o(.text.HAL_I2C_MspInit)
    HAL_IncTick                              0x08001389   Thumb Code    16  stm32l0xx_hal.o(.text.HAL_IncTick)
    HAL_Init                                 0x0800139d   Thumb Code    56  stm32l0xx_hal.o(.text.HAL_Init)
    HAL_InitTick                             0x080013d9   Thumb Code   100  stm32l0xx_hal.o(.text.HAL_InitTick)
    HAL_MspInit                              0x08001449   Thumb Code    24  stm32l0xx_hal_msp.o(.text.HAL_MspInit)
    HAL_NVIC_EnableIRQ                       0x08001465   Thumb Code    22  stm32l0xx_hal_cortex.o(.text.HAL_NVIC_EnableIRQ)
    HAL_NVIC_SetPriority                     0x0800147b   Thumb Code    28  stm32l0xx_hal_cortex.o(.text.HAL_NVIC_SetPriority)
    HAL_RCCEx_PeriphCLKConfig                0x08001499   Thumb Code   632  stm32l0xx_hal_rcc_ex.o(.text.HAL_RCCEx_PeriphCLKConfig)
    HAL_RCC_ClockConfig                      0x08001729   Thumb Code   744  stm32l0xx_hal_rcc.o(.text.HAL_RCC_ClockConfig)
    HAL_RCC_GetHCLKFreq                      0x08001a25   Thumb Code     8  stm32l0xx_hal_rcc.o(.text.HAL_RCC_GetHCLKFreq)
    HAL_RCC_GetPCLK1Freq                     0x08001a31   Thumb Code    28  stm32l0xx_hal_rcc.o(.text.HAL_RCC_GetPCLK1Freq)
    HAL_RCC_GetPCLK2Freq                     0x08001a4d   Thumb Code    28  stm32l0xx_hal_rcc.o(.text.HAL_RCC_GetPCLK2Freq)
    HAL_RCC_GetSysClockFreq                  0x08001a6d   Thumb Code   260  stm32l0xx_hal_rcc.o(.text.HAL_RCC_GetSysClockFreq)
    HAL_RCC_OscConfig                        0x08001b8d   Thumb Code  1904  stm32l0xx_hal_rcc.o(.text.HAL_RCC_OscConfig)
    HAL_SYSTICK_Config                       0x08002315   Thumb Code    16  stm32l0xx_hal_cortex.o(.text.HAL_SYSTICK_Config)
    HAL_TIMEx_MasterConfigSynchronization    0x08002325   Thumb Code   192  stm32l0xx_hal_tim_ex.o(.text.HAL_TIMEx_MasterConfigSynchronization)
    HAL_TIM_Base_Init                        0x080023e5   Thumb Code   128  stm32l0xx_hal_tim.o(.text.HAL_TIM_Base_Init)
    HAL_TIM_Base_MspInit                     0x08002465   Thumb Code   100  tim.o(.text.HAL_TIM_Base_MspInit)
    HAL_TIM_Base_Start_IT                    0x080024d1   Thumb Code   148  stm32l0xx_hal_tim.o(.text.HAL_TIM_Base_Start_IT)
    HAL_TIM_Base_Stop_IT                     0x0800256d   Thumb Code    64  stm32l0xx_hal_tim.o(.text.HAL_TIM_Base_Stop_IT)
    HAL_TIM_ConfigClockSource                0x080025b1   Thumb Code   394  stm32l0xx_hal_tim.o(.text.HAL_TIM_ConfigClockSource)
    HAL_TIM_IC_CaptureCallback               0x0800273b   Thumb Code     8  stm32l0xx_hal_tim.o(.text.HAL_TIM_IC_CaptureCallback)
    HAL_TIM_IRQHandler                       0x08002743   Thumb Code   462  stm32l0xx_hal_tim.o(.text.HAL_TIM_IRQHandler)
    HAL_TIM_OC_DelayElapsedCallback          0x08002911   Thumb Code     8  stm32l0xx_hal_tim.o(.text.HAL_TIM_OC_DelayElapsedCallback)
    HAL_TIM_PWM_PulseFinishedCallback        0x08002919   Thumb Code     8  stm32l0xx_hal_tim.o(.text.HAL_TIM_PWM_PulseFinishedCallback)
    HAL_TIM_PeriodElapsedCallback            0x08002921   Thumb Code   220  main.o(.text.HAL_TIM_PeriodElapsedCallback)
    HAL_TIM_TriggerCallback                  0x08002a1d   Thumb Code     8  stm32l0xx_hal_tim.o(.text.HAL_TIM_TriggerCallback)
    HAL_UARTEx_ReceiveToIdle_DMA             0x08002a25   Thumb Code   234  stm32l0xx_hal_uart_ex.o(.text.HAL_UARTEx_ReceiveToIdle_DMA)
    HAL_UARTEx_RxEventCallback               0x08002b11   Thumb Code    60  main.o(.text.HAL_UARTEx_RxEventCallback)
    HAL_UARTEx_WakeupCallback                0x08002b59   Thumb Code     8  stm32l0xx_hal_uart_ex.o(.text.HAL_UARTEx_WakeupCallback)
    HAL_UART_DMAStop                         0x08002b61   Thumb Code   304  stm32l0xx_hal_uart.o(.text.HAL_UART_DMAStop)
    HAL_UART_ErrorCallback                   0x08002c91   Thumb Code     8  stm32l0xx_hal_uart.o(.text.HAL_UART_ErrorCallback)
    HAL_UART_IRQHandler                      0x08002c99   Thumb Code  1352  stm32l0xx_hal_uart.o(.text.HAL_UART_IRQHandler)
    HAL_UART_Init                            0x080031e5   Thumb Code   176  stm32l0xx_hal_uart.o(.text.HAL_UART_Init)
    HAL_UART_MspInit                         0x08003295   Thumb Code   244  usart.o(.text.HAL_UART_MspInit)
    HAL_UART_RxCpltCallback                  0x080033a9   Thumb Code     8  stm32l0xx_hal_uart.o(.text.HAL_UART_RxCpltCallback)
    HAL_UART_RxHalfCpltCallback              0x080033b1   Thumb Code     8  stm32l0xx_hal_uart.o(.text.HAL_UART_RxHalfCpltCallback)
    HAL_UART_Transmit_DMA                    0x080033b9   Thumb Code   300  stm32l0xx_hal_uart.o(.text.HAL_UART_Transmit_DMA)
    HAL_UART_TxCpltCallback                  0x080034f1   Thumb Code     8  stm32l0xx_hal_uart.o(.text.HAL_UART_TxCpltCallback)
    HAL_UART_TxHalfCpltCallback              0x080034f9   Thumb Code     8  stm32l0xx_hal_uart.o(.text.HAL_UART_TxHalfCpltCallback)
    HardFault_Handler                        0x08003501   Thumb Code     4  stm32l0xx_it.o(.text.HardFault_Handler)
    MX_DMA_Init                              0x08003a5d   Thumb Code    48  dma.o(.text.MX_DMA_Init)
    MX_GPIO_Init                             0x08003a91   Thumb Code   300  gpio.o(.text.MX_GPIO_Init)
    MX_I2C1_Init                             0x08003bc9   Thumb Code    96  i2c.o(.text.MX_I2C1_Init)
    MX_TIM2_Init                             0x08003c35   Thumb Code   116  tim.o(.text.MX_TIM2_Init)
    MX_TIM6_Init                             0x08003cad   Thumb Code    76  tim.o(.text.MX_TIM6_Init)
    MX_USART1_UART_Init                      0x08003d05   Thumb Code    60  usart.o(.text.MX_USART1_UART_Init)
    NMI_Handler                              0x08003d49   Thumb Code     4  stm32l0xx_it.o(.text.NMI_Handler)
    OLED_Clear                               0x08003d4d   Thumb Code    98  oled.o(.text.OLED_Clear)
    OLED_Init                                0x08003db1   Thumb Code    60  oled.o(.text.OLED_Init)
    OLED_Set_Pos                             0x08003df1   Thumb Code    52  oled.o(.text.OLED_Set_Pos)
    OLED_ShowCHinese                         0x08003e25   Thumb Code   244  oled.o(.text.OLED_ShowCHinese)
    OLED_ShowChar                            0x08003f1d   Thumb Code   400  oled.o(.text.OLED_ShowChar)
    OLED_ShowNum                             0x080040b5   Thumb Code   232  oled.o(.text.OLED_ShowNum)
    OLED_WR_CMD                              0x0800419d   Thumb Code    36  oled.o(.text.OLED_WR_CMD)
    OLED_WR_DATA                             0x080041c1   Thumb Code    36  oled.o(.text.OLED_WR_DATA)
    PendSV_Handler                           0x080041e9   Thumb Code     2  stm32l0xx_it.o(.text.PendSV_Handler)
    SVC_Handler                              0x080041eb   Thumb Code     2  stm32l0xx_it.o(.text.SVC_Handler)
    SysTick_Handler                          0x0800423d   Thumb Code     8  stm32l0xx_it.o(.text.SysTick_Handler)
    SystemClock_Config                       0x08004245   Thumb Code   168  main.o(.text.SystemClock_Config)
    SystemInit                               0x080042f1   Thumb Code     2  system_stm32l0xx.o(.text.SystemInit)
    TIM2_IRQHandler                          0x080042f5   Thumb Code    12  stm32l0xx_it.o(.text.TIM2_IRQHandler)
    TIM6_IRQHandler                          0x08004305   Thumb Code    12  stm32l0xx_it.o(.text.TIM6_IRQHandler)
    UART_AdvFeatureConfig                    0x080044d1   Thumb Code   346  stm32l0xx_hal_uart.o(.text.UART_AdvFeatureConfig)
    UART_CheckIdleState                      0x0800462d   Thumb Code   344  stm32l0xx_hal_uart.o(.text.UART_CheckIdleState)
    UART_SetConfig                           0x08004bad   Thumb Code  1208  stm32l0xx_hal_uart.o(.text.UART_SetConfig)
    UART_Start_Receive_DMA                   0x0800507d   Thumb Code   300  stm32l0xx_hal_uart.o(.text.UART_Start_Receive_DMA)
    UART_WaitOnFlagUntilTimeout              0x080051b5   Thumb Code   264  stm32l0xx_hal_uart.o(.text.UART_WaitOnFlagUntilTimeout)
    USART1_IRQHandler                        0x080052bd   Thumb Code    12  stm32l0xx_it.o(.text.USART1_IRQHandler)
    calculateBCC                             0x08005379   Thumb Code    58  main.o(.text.calculateBCC)
    main                                     0x080053b5   Thumb Code   192  main.o(.text.main)
    menu_delete                              0x08005495   Thumb Code   848  main.o(.text.menu_delete)
    menu_enroll                              0x08005811   Thumb Code  1408  main.o(.text.menu_enroll)
    menu_main                                0x08005db9   Thumb Code   244  main.o(.text.menu_main)
    menu_verify                              0x08005eb1   Thumb Code   636  main.o(.text.menu_verify)
    oled_pow                                 0x08006155   Thumb Code    48  oled.o(.text.oled_pow)
    AHBPrescTable                            0x08006184   Data          16  system_stm32l0xx.o(.rodata.AHBPrescTable)
    APBPrescTable                            0x08006194   Data           8  system_stm32l0xx.o(.rodata.APBPrescTable)
    F6x8                                     0x0800619c   Data         552  oledfont.o(.rodata.F6x8)
    F8X16                                    0x080063c4   Data        1504  oledfont.o(.rodata.F8X16)
    Hzk                                      0x080069a4   Data        2752  oledfont.o(.rodata.Hzk)
    PLLMulTable                              0x08007464   Data           9  system_stm32l0xx.o(.rodata.PLLMulTable)
    Region$$Table$$Base                      0x08007470   Number         0  anon$$obj.o(Region$$Table)
    Region$$Table$$Limit                     0x08007490   Number         0  anon$$obj.o(Region$$Table)
    CMD_Data                                 0x20000000   Data          23  oled.o(.data.CMD_Data)
    DELETE_ID                                0x20000017   Data           1  main.o(.data.DELETE_ID)
    ENROLL_ID                                0x20000018   Data           1  main.o(.data.ENROLL_ID)
    SystemCoreClock                          0x2000001c   Data           4  system_stm32l0xx.o(.data.SystemCoreClock)
    menu                                     0x20000020   Data           4  main.o(.data.menu)
    uwTickFreq                               0x20000024   Data           1  stm32l0xx_hal.o(.data.uwTickFreq)
    uwTickPrio                               0x20000028   Data           4  stm32l0xx_hal.o(.data.uwTickPrio)
    __libspace_start                         0x20000030   Data          96  libspace.o(.bss)
    KEY0_PRESSED                             0x20000090   Data           1  main.o(.bss.KEY0_PRESSED)
    __temporary_stack_top$libspace           0x20000090   Data           0  libspace.o(.bss)
    KEY1_PRESSED                             0x20000091   Data           1  main.o(.bss.KEY1_PRESSED)
    KEY2_PRESSED                             0x20000092   Data           1  main.o(.bss.KEY2_PRESSED)
    KEY3_PRESSED                             0x20000093   Data           1  main.o(.bss.KEY3_PRESSED)
    RX_BUFFER                                0x20000094   Data         128  main.o(.bss.RX_BUFFER)
    TX_BUFFER                                0x20000114   Data          64  main.o(.bss.TX_BUFFER)
    hdma_usart1_rx                           0x20000154   Data          72  usart.o(.bss.hdma_usart1_rx)
    hdma_usart1_tx                           0x2000019c   Data          72  usart.o(.bss.hdma_usart1_tx)
    hi2c1                                    0x200001e4   Data          84  i2c.o(.bss.hi2c1)
    htim2                                    0x20000238   Data          64  tim.o(.bss.htim2)
    htim6                                    0x20000278   Data          64  tim.o(.bss.htim6)
    huart1                                   0x200002b8   Data         136  usart.o(.bss.huart1)
    uwTick                                   0x20000340   Data           4  stm32l0xx_hal.o(.bss.uwTick)



==============================================================================

Memory Map of the image

  Image Entry point : 0x080000c1

  Load Region LR_IROM1 (Base: 0x08000000, Size: 0x000074c0, Max: 0x00010000, ABSOLUTE)

    Execution Region ER_IROM1 (Exec base: 0x08000000, Load base: 0x08000000, Size: 0x00007490, Max: 0x00010000, ABSOLUTE)

    Exec Addr    Load Addr    Size         Type   Attr      Idx    E Section Name        Object

    0x08000000   0x08000000   0x000000c0   Data   RO            3    RESET               startup_stm32l051xx.o
    0x080000c0   0x080000c0   0x00000008   Code   RO         1290  * !!!main             c_p.l(__main.o)
    0x080000c8   0x080000c8   0x00000054   Code   RO         1522    !!!scatter          c_p.l(__scatter.o)
    0x0800011c   0x0800011c   0x0000001a   Code   RO         1526    !!handler_copy      c_p.l(__scatter_copy.o)
    0x08000136   0x08000136   0x00000002   PAD
    0x08000138   0x08000138   0x00000002   Code   RO         1523    !!handler_null      c_p.l(__scatter.o)
    0x0800013a   0x0800013a   0x00000002   PAD
    0x0800013c   0x0800013c   0x0000001c   Code   RO         1528    !!handler_zi        c_p.l(__scatter_zi.o)
    0x08000158   0x08000158   0x00000002   Code   RO         1377    .ARM.Collect$$libinit$$00000000  c_p.l(libinit.o)
    0x0800015a   0x0800015a   0x00000000   Code   RO         1395    .ARM.Collect$$libinit$$00000002  c_p.l(libinit2.o)
    0x0800015a   0x0800015a   0x00000000   Code   RO         1397    .ARM.Collect$$libinit$$00000004  c_p.l(libinit2.o)
    0x0800015a   0x0800015a   0x00000000   Code   RO         1399    .ARM.Collect$$libinit$$00000006  c_p.l(libinit2.o)
    0x0800015a   0x0800015a   0x00000000   Code   RO         1402    .ARM.Collect$$libinit$$0000000C  c_p.l(libinit2.o)
    0x0800015a   0x0800015a   0x00000000   Code   RO         1404    .ARM.Collect$$libinit$$0000000E  c_p.l(libinit2.o)
    0x0800015a   0x0800015a   0x00000000   Code   RO         1406    .ARM.Collect$$libinit$$00000010  c_p.l(libinit2.o)
    0x0800015a   0x0800015a   0x00000000   Code   RO         1409    .ARM.Collect$$libinit$$00000013  c_p.l(libinit2.o)
    0x0800015a   0x0800015a   0x00000000   Code   RO         1411    .ARM.Collect$$libinit$$00000015  c_p.l(libinit2.o)
    0x0800015a   0x0800015a   0x00000000   Code   RO         1413    .ARM.Collect$$libinit$$00000017  c_p.l(libinit2.o)
    0x0800015a   0x0800015a   0x00000000   Code   RO         1415    .ARM.Collect$$libinit$$00000019  c_p.l(libinit2.o)
    0x0800015a   0x0800015a   0x00000000   Code   RO         1417    .ARM.Collect$$libinit$$0000001B  c_p.l(libinit2.o)
    0x0800015a   0x0800015a   0x00000000   Code   RO         1419    .ARM.Collect$$libinit$$0000001D  c_p.l(libinit2.o)
    0x0800015a   0x0800015a   0x00000000   Code   RO         1421    .ARM.Collect$$libinit$$0000001F  c_p.l(libinit2.o)
    0x0800015a   0x0800015a   0x00000000   Code   RO         1423    .ARM.Collect$$libinit$$00000021  c_p.l(libinit2.o)
    0x0800015a   0x0800015a   0x00000000   Code   RO         1425    .ARM.Collect$$libinit$$00000023  c_p.l(libinit2.o)
    0x0800015a   0x0800015a   0x00000000   Code   RO         1427    .ARM.Collect$$libinit$$00000025  c_p.l(libinit2.o)
    0x0800015a   0x0800015a   0x00000000   Code   RO         1429    .ARM.Collect$$libinit$$00000027  c_p.l(libinit2.o)
    0x0800015a   0x0800015a   0x00000000   Code   RO         1433    .ARM.Collect$$libinit$$0000002E  c_p.l(libinit2.o)
    0x0800015a   0x0800015a   0x00000000   Code   RO         1435    .ARM.Collect$$libinit$$00000030  c_p.l(libinit2.o)
    0x0800015a   0x0800015a   0x00000000   Code   RO         1437    .ARM.Collect$$libinit$$00000032  c_p.l(libinit2.o)
    0x0800015a   0x0800015a   0x00000000   Code   RO         1439    .ARM.Collect$$libinit$$00000034  c_p.l(libinit2.o)
    0x0800015a   0x0800015a   0x00000002   Code   RO         1440    .ARM.Collect$$libinit$$00000035  c_p.l(libinit2.o)
    0x0800015c   0x0800015c   0x00000002   Code   RO         1477    .ARM.Collect$$libshutdown$$00000000  c_p.l(libshutdown.o)
    0x0800015e   0x0800015e   0x00000000   Code   RO         1505    .ARM.Collect$$libshutdown$$00000002  c_p.l(libshutdown2.o)
    0x0800015e   0x0800015e   0x00000000   Code   RO         1507    .ARM.Collect$$libshutdown$$00000004  c_p.l(libshutdown2.o)
    0x0800015e   0x0800015e   0x00000000   Code   RO         1510    .ARM.Collect$$libshutdown$$00000007  c_p.l(libshutdown2.o)
    0x0800015e   0x0800015e   0x00000000   Code   RO         1513    .ARM.Collect$$libshutdown$$0000000A  c_p.l(libshutdown2.o)
    0x0800015e   0x0800015e   0x00000000   Code   RO         1515    .ARM.Collect$$libshutdown$$0000000C  c_p.l(libshutdown2.o)
    0x0800015e   0x0800015e   0x00000000   Code   RO         1518    .ARM.Collect$$libshutdown$$0000000F  c_p.l(libshutdown2.o)
    0x0800015e   0x0800015e   0x00000002   Code   RO         1519    .ARM.Collect$$libshutdown$$00000010  c_p.l(libshutdown2.o)
    0x08000160   0x08000160   0x00000000   Code   RO         1328    .ARM.Collect$$rtentry$$00000000  c_p.l(__rtentry.o)
    0x08000160   0x08000160   0x00000000   Code   RO         1345    .ARM.Collect$$rtentry$$00000002  c_p.l(__rtentry2.o)
    0x08000160   0x08000160   0x00000006   Code   RO         1357    .ARM.Collect$$rtentry$$00000004  c_p.l(__rtentry4.o)
    0x08000166   0x08000166   0x00000000   Code   RO         1347    .ARM.Collect$$rtentry$$00000009  c_p.l(__rtentry2.o)
    0x08000166   0x08000166   0x00000004   Code   RO         1348    .ARM.Collect$$rtentry$$0000000A  c_p.l(__rtentry2.o)
    0x0800016a   0x0800016a   0x00000000   Code   RO         1350    .ARM.Collect$$rtentry$$0000000C  c_p.l(__rtentry2.o)
    0x0800016a   0x0800016a   0x00000008   Code   RO         1351    .ARM.Collect$$rtentry$$0000000D  c_p.l(__rtentry2.o)
    0x08000172   0x08000172   0x00000002   Code   RO         1386    .ARM.Collect$$rtexit$$00000000  c_p.l(rtexit.o)
    0x08000174   0x08000174   0x00000000   Code   RO         1448    .ARM.Collect$$rtexit$$00000002  c_p.l(rtexit2.o)
    0x08000174   0x08000174   0x00000004   Code   RO         1449    .ARM.Collect$$rtexit$$00000003  c_p.l(rtexit2.o)
    0x08000178   0x08000178   0x00000006   Code   RO         1450    .ARM.Collect$$rtexit$$00000004  c_p.l(rtexit2.o)
    0x0800017e   0x0800017e   0x00000002   PAD
    0x08000180   0x08000180   0x00000038   Code   RO            4    .text               startup_stm32l051xx.o
    0x080001b8   0x080001b8   0x00000110   Code   RO         1280    .text               c_p.l(lludiv.o)
    0x080002c8   0x080002c8   0x00000040   Code   RO         1282    .text               c_p.l(rt_memclr.o)
    0x08000308   0x08000308   0x0000016c   Code   RO         1284    .text               c_p.l(aeabi_sdiv.o)
    0x08000474   0x08000474   0x00000006   Code   RO         1288    .text               c_p.l(heapauxi.o)
    0x0800047a   0x0800047a   0x0000003e   Code   RO         1363    .text               c_p.l(sys_stackheap_outer.o)
    0x080004b8   0x080004b8   0x00000010   Code   RO         1366    .text               c_p.l(exit.o)
    0x080004c8   0x080004c8   0x00000008   Code   RO         1382    .text               c_p.l(libspace.o)
    0x080004d0   0x080004d0   0x0000000c   Code   RO         1443    .text               c_p.l(sys_exit.o)
    0x080004dc   0x080004dc   0x00000002   Code   RO         1466    .text               c_p.l(use_no_semi.o)
    0x080004de   0x080004de   0x00000000   Code   RO         1468    .text               c_p.l(indicate_semi.o)
    0x080004de   0x080004de   0x00000002   PAD
    0x080004e0   0x080004e0   0x00000018   Code   RO          185    .text.DMA1_Channel2_3_IRQHandler  stm32l0xx_it.o
    0x080004f8   0x080004f8   0x00000054   Code   RO          663    .text.DMA_SetConfig  stm32l0xx_hal_dma.o
    0x0800054c   0x0800054c   0x00000010   Code   RO          179    .text.EXTI0_1_IRQHandler  stm32l0xx_it.o
    0x0800055c   0x0800055c   0x0000000a   Code   RO          181    .text.EXTI2_3_IRQHandler  stm32l0xx_it.o
    0x08000566   0x08000566   0x0000001a   Code   RO          183    .text.EXTI4_15_IRQHandler  stm32l0xx_it.o
    0x08000580   0x08000580   0x0000000e   Code   RO           71    .text.Error_Handler  main.o
    0x0800058e   0x0800058e   0x0000007a   Code   RO          667    .text.HAL_DMA_Abort  stm32l0xx_hal_dma.o
    0x08000608   0x08000608   0x0000007c   Code   RO          669    .text.HAL_DMA_Abort_IT  stm32l0xx_hal_dma.o
    0x08000684   0x08000684   0x0000000c   Code   RO          681    .text.HAL_DMA_GetError  stm32l0xx_hal_dma.o
    0x08000690   0x08000690   0x0000015c   Code   RO          673    .text.HAL_DMA_IRQHandler  stm32l0xx_hal_dma.o
    0x080007ec   0x080007ec   0x000000dc   Code   RO          657    .text.HAL_DMA_Init  stm32l0xx_hal_dma.o
    0x080008c8   0x080008c8   0x000000ca   Code   RO          665    .text.HAL_DMA_Start_IT  stm32l0xx_hal_dma.o
    0x08000992   0x08000992   0x00000002   PAD
    0x08000994   0x08000994   0x00000044   Code   RO          416    .text.HAL_Delay     stm32l0xx_hal.o
    0x080009d8   0x080009d8   0x000000f8   Code   RO           85    .text.HAL_GPIO_EXTI_Callback  main.o
    0x08000ad0   0x08000ad0   0x0000002c   Code   RO          646    .text.HAL_GPIO_EXTI_IRQHandler  stm32l0xx_hal_gpio.o
    0x08000afc   0x08000afc   0x000002fc   Code   RO          634    .text.HAL_GPIO_Init  stm32l0xx_hal_gpio.o
    0x08000df8   0x08000df8   0x00000032   Code   RO          638    .text.HAL_GPIO_ReadPin  stm32l0xx_hal_gpio.o
    0x08000e2a   0x08000e2a   0x0000002c   Code   RO          640    .text.HAL_GPIO_WritePin  stm32l0xx_hal_gpio.o
    0x08000e56   0x08000e56   0x00000002   PAD
    0x08000e58   0x08000e58   0x0000000c   Code   RO          408    .text.HAL_GetTick   stm32l0xx_hal.o
    0x08000e64   0x08000e64   0x00000096   Code   RO          377    .text.HAL_I2CEx_ConfigAnalogFilter  stm32l0xx_hal_i2c_ex.o
    0x08000efa   0x08000efa   0x000000a0   Code   RO          379    .text.HAL_I2CEx_ConfigDigitalFilter  stm32l0xx_hal_i2c_ex.o
    0x08000f9a   0x08000f9a   0x00000002   PAD
    0x08000f9c   0x08000f9c   0x00000120   Code   RO          208    .text.HAL_I2C_Init  stm32l0xx_hal_i2c.o
    0x080010bc   0x080010bc   0x0000025c   Code   RO          272    .text.HAL_I2C_Mem_Write  stm32l0xx_hal_i2c.o
    0x08001318   0x08001318   0x00000070   Code   RO          124    .text.HAL_I2C_MspInit  i2c.o
    0x08001388   0x08001388   0x00000014   Code   RO          406    .text.HAL_IncTick   stm32l0xx_hal.o
    0x0800139c   0x0800139c   0x0000003c   Code   RO          396    .text.HAL_Init      stm32l0xx_hal.o
    0x080013d8   0x080013d8   0x00000070   Code   RO          398    .text.HAL_InitTick  stm32l0xx_hal.o
    0x08001448   0x08001448   0x0000001c   Code   RO          200    .text.HAL_MspInit   stm32l0xx_hal_msp.o
    0x08001464   0x08001464   0x00000016   Code   RO          756    .text.HAL_NVIC_EnableIRQ  stm32l0xx_hal_cortex.o
    0x0800147a   0x0800147a   0x0000001c   Code   RO          752    .text.HAL_NVIC_SetPriority  stm32l0xx_hal_cortex.o
    0x08001496   0x08001496   0x00000002   PAD
    0x08001498   0x08001498   0x00000290   Code   RO          501    .text.HAL_RCCEx_PeriphCLKConfig  stm32l0xx_hal_rcc_ex.o
    0x08001728   0x08001728   0x000002fc   Code   RO          474    .text.HAL_RCC_ClockConfig  stm32l0xx_hal_rcc.o
    0x08001a24   0x08001a24   0x0000000c   Code   RO          480    .text.HAL_RCC_GetHCLKFreq  stm32l0xx_hal_rcc.o
    0x08001a30   0x08001a30   0x0000001c   Code   RO          482    .text.HAL_RCC_GetPCLK1Freq  stm32l0xx_hal_rcc.o
    0x08001a4c   0x08001a4c   0x00000020   Code   RO          484    .text.HAL_RCC_GetPCLK2Freq  stm32l0xx_hal_rcc.o
    0x08001a6c   0x08001a6c   0x00000120   Code   RO          472    .text.HAL_RCC_GetSysClockFreq  stm32l0xx_hal_rcc.o
    0x08001b8c   0x08001b8c   0x00000788   Code   RO          470    .text.HAL_RCC_OscConfig  stm32l0xx_hal_rcc.o
    0x08002314   0x08002314   0x00000010   Code   RO          768    .text.HAL_SYSTICK_Config  stm32l0xx_hal_cortex.o
    0x08002324   0x08002324   0x000000c0   Code   RO         1081    .text.HAL_TIMEx_MasterConfigSynchronization  stm32l0xx_hal_tim_ex.o
    0x080023e4   0x080023e4   0x00000080   Code   RO          836    .text.HAL_TIM_Base_Init  stm32l0xx_hal_tim.o
    0x08002464   0x08002464   0x0000006c   Code   RO          140    .text.HAL_TIM_Base_MspInit  tim.o
    0x080024d0   0x080024d0   0x0000009c   Code   RO          850    .text.HAL_TIM_Base_Start_IT  stm32l0xx_hal_tim.o
    0x0800256c   0x0800256c   0x00000044   Code   RO          852    .text.HAL_TIM_Base_Stop_IT  stm32l0xx_hal_tim.o
    0x080025b0   0x080025b0   0x0000018a   Code   RO         1028    .text.HAL_TIM_ConfigClockSource  stm32l0xx_hal_tim.o
    0x0800273a   0x0800273a   0x00000008   Code   RO          972    .text.HAL_TIM_IC_CaptureCallback  stm32l0xx_hal_tim.o
    0x08002742   0x08002742   0x000001ce   Code   RO          970    .text.HAL_TIM_IRQHandler  stm32l0xx_hal_tim.o
    0x08002910   0x08002910   0x00000008   Code   RO          974    .text.HAL_TIM_OC_DelayElapsedCallback  stm32l0xx_hal_tim.o
    0x08002918   0x08002918   0x00000008   Code   RO          976    .text.HAL_TIM_PWM_PulseFinishedCallback  stm32l0xx_hal_tim.o
    0x08002920   0x08002920   0x000000fc   Code   RO           83    .text.HAL_TIM_PeriodElapsedCallback  main.o
    0x08002a1c   0x08002a1c   0x00000008   Code   RO          980    .text.HAL_TIM_TriggerCallback  stm32l0xx_hal_tim.o
    0x08002a24   0x08002a24   0x000000ea   Code   RO         1253    .text.HAL_UARTEx_ReceiveToIdle_DMA  stm32l0xx_hal_uart_ex.o
    0x08002b0e   0x08002b0e   0x00000002   PAD
    0x08002b10   0x08002b10   0x00000048   Code   RO           87    .text.HAL_UARTEx_RxEventCallback  main.o
    0x08002b58   0x08002b58   0x00000008   Code   RO         1233    .text.HAL_UARTEx_WakeupCallback  stm32l0xx_hal_uart_ex.o
    0x08002b60   0x08002b60   0x00000130   Code   RO         1144    .text.HAL_UART_DMAStop  stm32l0xx_hal_uart.o
    0x08002c90   0x08002c90   0x00000008   Code   RO         1180    .text.HAL_UART_ErrorCallback  stm32l0xx_hal_uart.o
    0x08002c98   0x08002c98   0x0000054c   Code   RO         1176    .text.HAL_UART_IRQHandler  stm32l0xx_hal_uart.o
    0x080031e4   0x080031e4   0x000000b0   Code   RO         1092    .text.HAL_UART_Init  stm32l0xx_hal_uart.o
    0x08003294   0x08003294   0x00000114   Code   RO          155    .text.HAL_UART_MspInit  usart.o
    0x080033a8   0x080033a8   0x00000008   Code   RO         1190    .text.HAL_UART_RxCpltCallback  stm32l0xx_hal_uart.o
    0x080033b0   0x080033b0   0x00000008   Code   RO         1192    .text.HAL_UART_RxHalfCpltCallback  stm32l0xx_hal_uart.o
    0x080033b8   0x080033b8   0x00000138   Code   RO         1128    .text.HAL_UART_Transmit_DMA  stm32l0xx_hal_uart.o
    0x080034f0   0x080034f0   0x00000008   Code   RO         1186    .text.HAL_UART_TxCpltCallback  stm32l0xx_hal_uart.o
    0x080034f8   0x080034f8   0x00000008   Code   RO         1188    .text.HAL_UART_TxHalfCpltCallback  stm32l0xx_hal_uart.o
    0x08003500   0x08003500   0x00000004   Code   RO          171    .text.HardFault_Handler  stm32l0xx_it.o
    0x08003504   0x08003504   0x00000040   Code   RO          232    .text.I2C_Flush_TXDR  stm32l0xx_hal_i2c.o
    0x08003544   0x08003544   0x000001f8   Code   RO          368    .text.I2C_IsErrorOccurred  stm32l0xx_hal_i2c.o
    0x0800373c   0x0800373c   0x000000bc   Code   RO          274    .text.I2C_RequestMemoryWrite  stm32l0xx_hal_i2c.o
    0x080037f8   0x080037f8   0x00000054   Code   RO          220    .text.I2C_TransferConfig  stm32l0xx_hal_i2c.o
    0x0800384c   0x0800384c   0x000000c2   Code   RO          218    .text.I2C_WaitOnFlagUntilTimeout  stm32l0xx_hal_i2c.o
    0x0800390e   0x0800390e   0x000000a0   Code   RO          224    .text.I2C_WaitOnSTOPFlagUntilTimeout  stm32l0xx_hal_i2c.o
    0x080039ae   0x080039ae   0x000000ac   Code   RO          222    .text.I2C_WaitOnTXISFlagUntilTimeout  stm32l0xx_hal_i2c.o
    0x08003a5a   0x08003a5a   0x00000002   PAD
    0x08003a5c   0x08003a5c   0x00000034   Code   RO          114    .text.MX_DMA_Init   dma.o
    0x08003a90   0x08003a90   0x00000138   Code   RO          106    .text.MX_GPIO_Init  gpio.o
    0x08003bc8   0x08003bc8   0x0000006c   Code   RO          122    .text.MX_I2C1_Init  i2c.o
    0x08003c34   0x08003c34   0x00000078   Code   RO          136    .text.MX_TIM2_Init  tim.o
    0x08003cac   0x08003cac   0x00000058   Code   RO          138    .text.MX_TIM6_Init  tim.o
    0x08003d04   0x08003d04   0x00000044   Code   RO          153    .text.MX_USART1_UART_Init  usart.o
    0x08003d48   0x08003d48   0x00000004   Code   RO          169    .text.NMI_Handler   stm32l0xx_it.o
    0x08003d4c   0x08003d4c   0x00000062   Code   RO           19    .text.OLED_Clear    oled.o
    0x08003dae   0x08003dae   0x00000002   PAD
    0x08003db0   0x08003db0   0x00000040   Code   RO           11    .text.OLED_Init     oled.o
    0x08003df0   0x08003df0   0x00000034   Code   RO           25    .text.OLED_Set_Pos  oled.o
    0x08003e24   0x08003e24   0x000000f8   Code   RO           37    .text.OLED_ShowCHinese  oled.o
    0x08003f1c   0x08003f1c   0x00000198   Code   RO           29    .text.OLED_ShowChar  oled.o
    0x080040b4   0x080040b4   0x000000e8   Code   RO           33    .text.OLED_ShowNum  oled.o
    0x0800419c   0x0800419c   0x00000024   Code   RO           13    .text.OLED_WR_CMD   oled.o
    0x080041c0   0x080041c0   0x00000028   Code   RO           15    .text.OLED_WR_DATA  oled.o
    0x080041e8   0x080041e8   0x00000002   Code   RO          175    .text.PendSV_Handler  stm32l0xx_it.o
    0x080041ea   0x080041ea   0x00000002   Code   RO          173    .text.SVC_Handler   stm32l0xx_it.o
    0x080041ec   0x080041ec   0x00000050   Code   RO          770    .text.SysTick_Config  stm32l0xx_hal_cortex.o
    0x0800423c   0x0800423c   0x00000008   Code   RO          177    .text.SysTick_Handler  stm32l0xx_it.o
    0x08004244   0x08004244   0x000000ac   Code   RO           69    .text.SystemClock_Config  main.o
    0x080042f0   0x080042f0   0x00000002   Code   RO         1264    .text.SystemInit    system_stm32l0xx.o
    0x080042f2   0x080042f2   0x00000002   PAD
    0x080042f4   0x080042f4   0x00000010   Code   RO          187    .text.TIM2_IRQHandler  stm32l0xx_it.o
    0x08004304   0x08004304   0x00000010   Code   RO          189    .text.TIM6_IRQHandler  stm32l0xx_it.o
    0x08004314   0x08004314   0x000000b8   Code   RO          840    .text.TIM_Base_SetConfig  stm32l0xx_hal_tim.o
    0x080043cc   0x080043cc   0x00000036   Code   RO         1026    .text.TIM_ETR_SetConfig  stm32l0xx_hal_tim.o
    0x08004402   0x08004402   0x0000002a   Code   RO         1032    .text.TIM_ITRx_SetConfig  stm32l0xx_hal_tim.o
    0x0800442c   0x0800442c   0x00000050   Code   RO         1030    .text.TIM_TI1_ConfigInputStage  stm32l0xx_hal_tim.o
    0x0800447c   0x0800447c   0x00000054   Code   RO         1034    .text.TIM_TI2_ConfigInputStage  stm32l0xx_hal_tim.o
    0x080044d0   0x080044d0   0x0000015a   Code   RO         1096    .text.UART_AdvFeatureConfig  stm32l0xx_hal_uart.o
    0x0800462a   0x0800462a   0x00000002   PAD
    0x0800462c   0x0800462c   0x0000015c   Code   RO         1100    .text.UART_CheckIdleState  stm32l0xx_hal_uart.o
    0x08004788   0x08004788   0x0000001e   Code   RO         1178    .text.UART_DMAAbortOnError  stm32l0xx_hal_uart.o
    0x080047a6   0x080047a6   0x0000007c   Code   RO         1134    .text.UART_DMAError  stm32l0xx_hal_uart.o
    0x08004822   0x08004822   0x00000148   Code   RO         1220    .text.UART_DMAReceiveCplt  stm32l0xx_hal_uart.o
    0x0800496a   0x0800496a   0x00000068   Code   RO         1222    .text.UART_DMARxHalfCplt  stm32l0xx_hal_uart.o
    0x080049d2   0x080049d2   0x0000008c   Code   RO         1130    .text.UART_DMATransmitCplt  stm32l0xx_hal_uart.o
    0x08004a5e   0x08004a5e   0x00000016   Code   RO         1132    .text.UART_DMATxHalfCplt  stm32l0xx_hal_uart.o
    0x08004a74   0x08004a74   0x000000b0   Code   RO         1148    .text.UART_EndRxTransfer  stm32l0xx_hal_uart.o
    0x08004b24   0x08004b24   0x0000004a   Code   RO         1184    .text.UART_EndTransmit_IT  stm32l0xx_hal_uart.o
    0x08004b6e   0x08004b6e   0x0000003c   Code   RO         1146    .text.UART_EndTxTransfer  stm32l0xx_hal_uart.o
    0x08004baa   0x08004baa   0x00000002   PAD
    0x08004bac   0x08004bac   0x000004d0   Code   RO         1098    .text.UART_SetConfig  stm32l0xx_hal_uart.o
    0x0800507c   0x0800507c   0x00000138   Code   RO         1138    .text.UART_Start_Receive_DMA  stm32l0xx_hal_uart.o
    0x080051b4   0x080051b4   0x00000108   Code   RO         1114    .text.UART_WaitOnFlagUntilTimeout  stm32l0xx_hal_uart.o
    0x080052bc   0x080052bc   0x0000000c   Code   RO          191    .text.USART1_IRQHandler  stm32l0xx_it.o
    0x080052c8   0x080052c8   0x0000002c   Code   RO          758    .text.__NVIC_EnableIRQ  stm32l0xx_hal_cortex.o
    0x080052f4   0x080052f4   0x00000084   Code   RO          754    .text.__NVIC_SetPriority  stm32l0xx_hal_cortex.o
    0x08005378   0x08005378   0x0000003a   Code   RO           73    .text.calculateBCC  main.o
    0x080053b2   0x080053b2   0x00000002   PAD
    0x080053b4   0x080053b4   0x000000e0   Code   RO           67    .text.main          main.o
    0x08005494   0x08005494   0x0000037c   Code   RO           81    .text.menu_delete   main.o
    0x08005810   0x08005810   0x000005a8   Code   RO           77    .text.menu_enroll   main.o
    0x08005db8   0x08005db8   0x000000f8   Code   RO           75    .text.menu_main     main.o
    0x08005eb0   0x08005eb0   0x000002a4   Code   RO           79    .text.menu_verify   main.o
    0x08006154   0x08006154   0x00000030   Code   RO           27    .text.oled_pow      oled.o
    0x08006184   0x08006184   0x00000010   Data   RO         1269    .rodata.AHBPrescTable  system_stm32l0xx.o
    0x08006194   0x08006194   0x00000008   Data   RO         1270    .rodata.APBPrescTable  system_stm32l0xx.o
    0x0800619c   0x0800619c   0x00000228   Data   RO           59    .rodata.F6x8        oledfont.o
    0x080063c4   0x080063c4   0x000005e0   Data   RO           60    .rodata.F8X16       oledfont.o
    0x080069a4   0x080069a4   0x00000ac0   Data   RO           61    .rodata.Hzk         oledfont.o
    0x08007464   0x08007464   0x00000009   Data   RO         1271    .rodata.PLLMulTable  system_stm32l0xx.o
    0x0800746d   0x0800746d   0x00000003   PAD
    0x08007470   0x08007470   0x00000020   Data   RO         1521    Region$$Table       anon$$obj.o


    Execution Region RW_IRAM1 (Exec base: 0x20000000, Load base: 0x08007490, Size: 0x00000948, Max: 0x00002000, ABSOLUTE)

    Exec Addr    Load Addr    Size         Type   Attr      Idx    E Section Name        Object

    0x20000000   0x08007490   0x00000017   Data   RW           51    .data.CMD_Data      oled.o
    0x20000017   0x080074a7   0x00000001   Data   RW           94    .data.DELETE_ID     main.o
    0x20000018   0x080074a8   0x00000001   Data   RW           93    .data.ENROLL_ID     main.o
    0x20000019   0x080074a9   0x00000003   PAD
    0x2000001c   0x080074ac   0x00000004   Data   RW         1268    .data.SystemCoreClock  system_stm32l0xx.o
    0x20000020   0x080074b0   0x00000004   Data   RW           97    .data.menu          main.o
    0x20000024   0x080074b4   0x00000001   Data   RW          459    .data.uwTickFreq    stm32l0xx_hal.o
    0x20000025   0x080074b5   0x00000003   PAD
    0x20000028   0x080074b8   0x00000004   Data   RW          458    .data.uwTickPrio    stm32l0xx_hal.o
    0x2000002c   0x080074bc   0x00000004   PAD
    0x20000030        -       0x00000060   Zero   RW         1383    .bss                c_p.l(libspace.o)
    0x20000090        -       0x00000001   Zero   RW           89    .bss.KEY0_PRESSED   main.o
    0x20000091        -       0x00000001   Zero   RW           90    .bss.KEY1_PRESSED   main.o
    0x20000092        -       0x00000001   Zero   RW           91    .bss.KEY2_PRESSED   main.o
    0x20000093        -       0x00000001   Zero   RW           92    .bss.KEY3_PRESSED   main.o
    0x20000094        -       0x00000080   Zero   RW           96    .bss.RX_BUFFER      main.o
    0x20000114        -       0x00000040   Zero   RW           95    .bss.TX_BUFFER      main.o
    0x20000154        -       0x00000048   Zero   RW          160    .bss.hdma_usart1_rx  usart.o
    0x2000019c        -       0x00000048   Zero   RW          161    .bss.hdma_usart1_tx  usart.o
    0x200001e4        -       0x00000054   Zero   RW          128    .bss.hi2c1          i2c.o
    0x20000238        -       0x00000040   Zero   RW          144    .bss.htim2          tim.o
    0x20000278        -       0x00000040   Zero   RW          145    .bss.htim6          tim.o
    0x200002b8        -       0x00000088   Zero   RW          159    .bss.huart1         usart.o
    0x20000340        -       0x00000004   Zero   RW          460    .bss.uwTick         stm32l0xx_hal.o
    0x20000344   0x080074bc   0x00000004   PAD
    0x20000348        -       0x00000200   Zero   RW            2    HEAP                startup_stm32l051xx.o
    0x20000548        -       0x00000400   Zero   RW            1    STACK               startup_stm32l051xx.o


==============================================================================

Image component sizes


      Code (inc. data)   RO Data    RW Data    ZI Data      Debug   Object Name

        52          4          0          0          0       1784   dma.o
       312         12          0          0          0       2567   gpio.o
       220         24          0          0         84       4796   i2c.o
      4304        232          0          6        196       9967   main.o
      1226         20          0         23          0       5912   oled.o
         0          0       4808          0          0        523   oledfont.o
        56         26        192          0       1536        640   startup_stm32l051xx.o
       272         28          0          5          4       6532   stm32l0xx_hal.o
       322         24          0          0          0       6370   stm32l0xx_hal_cortex.o
      1112         16          0          0          0       6312   stm32l0xx_hal_dma.o
       902         44          0          0          0       4754   stm32l0xx_hal_gpio.o
      2258         24          0          0          0      38208   stm32l0xx_hal_i2c.o
       310          0          0          0          0       5324   stm32l0xx_hal_i2c_ex.o
        28          4          0          0          0       1136   stm32l0xx_hal_msp.o
      3052        156          0          0          0       8490   stm32l0xx_hal_rcc.o
       656         24          0          0          0       4693   stm32l0xx_hal_rcc_ex.o
      1684         20          0          0          0      35182   stm32l0xx_hal_tim.o
       192          0          0          0          0       4204   stm32l0xx_hal_tim_ex.o
      5748        256          0          0          0      35322   stm32l0xx_hal_uart.o
       242          0          0          0          0       8294   stm32l0xx_hal_uart_ex.o
       140         16          0          0          0       1392   stm32l0xx_it.o
         2          0         33          4          0       1966   system_stm32l0xx.o
       316         24          0          0        128       5525   tim.o
       344         40          0          0        280       5534   usart.o

    ----------------------------------------------------------------------
     23772        994       5068         44       2236     205427   Object Totals
         0          0         32          0          0          0   (incl. Generated)
        22          0          3          6          8          0   (incl. Padding)

    ----------------------------------------------------------------------

      Code (inc. data)   RO Data    RW Data    ZI Data      Debug   Library Member Name

         8          0          0          0          0         68   __main.o
         0          0          0          0          0          0   __rtentry.o
        12          0          0          0          0          0   __rtentry2.o
         6          0          0          0          0          0   __rtentry4.o
        86         10          0          0          0          0   __scatter.o
        26          0          0          0          0          0   __scatter_copy.o
        28          0          0          0          0          0   __scatter_zi.o
       364          4          0          0          0         92   aeabi_sdiv.o
        16          0          0          0          0         68   exit.o
         6          0          0          0          0        136   heapauxi.o
         0          0          0          0          0          0   indicate_semi.o
         2          0          0          0          0          0   libinit.o
         2          0          0          0          0          0   libinit2.o
         2          0          0          0          0          0   libshutdown.o
         2          0          0          0          0          0   libshutdown2.o
         8          4          0          0         96         68   libspace.o
       272          0          0          0          0         88   lludiv.o
        64          0          0          0          0        108   rt_memclr.o
         2          0          0          0          0          0   rtexit.o
        10          0          0          0          0          0   rtexit2.o
        12          4          0          0          0         60   sys_exit.o
        62          0          0          0          0         80   sys_stackheap_outer.o
         2          0          0          0          0         68   use_no_semi.o

    ----------------------------------------------------------------------
      1000         22          0          0         96        836   Library Totals
         8          0          0          0          0          0   (incl. Padding)

    ----------------------------------------------------------------------

      Code (inc. data)   RO Data    RW Data    ZI Data      Debug   Library Name

       992         22          0          0         96        836   c_p.l

    ----------------------------------------------------------------------
      1000         22          0          0         96        836   Library Totals

    ----------------------------------------------------------------------

==============================================================================


      Code (inc. data)   RO Data    RW Data    ZI Data      Debug   

     24772       1016       5068         44       2332     205679   Grand Totals
     24772       1016       5068         44       2332     205679   ELF Image Totals
     24772       1016       5068         44          0          0   ROM Totals

==============================================================================

    Total RO  Size (Code + RO Data)                29840 (  29.14kB)
    Total RW  Size (RW Data + ZI Data)              2376 (   2.32kB)
    Total ROM Size (Code + RO Data + RW Data)      29884 (  29.18kB)

==============================================================================

